<html>
<body>
<pre>
<h1>µVision Build Log</h1>
<h2>Tool Versions:</h2>
IDE-Version: ¦ÌVision V5.14.0.0
Copyright (C) 2015 ARM Ltd and ARM Germany GmbH. All rights reserved.
License Information: DF DF, ASD, LIC=14HEV-PV44M-WD0K8-3ZY6K-S14V1-IPPPD
 
Tool Versions:
Toolchain:       MDK-ARM Standard  Version: 5.14.0.0
Toolchain Path:  D:\Keil_v5\ARM\ARMCC\Bin
C Compiler:      Armcc.exe V5.05 update 1 (build 106)
Assembler:       Armasm.exe V5.05 update 1 (build 106)
Linker/Locator:  ArmLink.exe V5.05 update 1 (build 106)
Library Manager: ArmAr.exe V5.05 update 1 (build 106)
Hex Converter:   FromElf.exe V5.05 update 1 (build 106)
CPU DLL:         SARMCM3.DLL V5.14.0.0
Dialog DLL:      DARMCM1.DLL V1.12.0.0
Target DLL:      Segger\JL2CM3.dll V2.99.13.0
Dialog DLL:      TARMCM1.DLL V1.9.0.0
 
<h2>Project:</h2>
D:\Head of SW\GLO2\GLO_Device_2_06-13V3\DA1458x_SDK\5.0.4\projects\target_apps\ble_examples\ble_app_peripheral\Keil_5\ble_app_peripheral.uvprojx
Project File Date:  04/28/2018

<h2>Output:</h2>
Build target 'ble_app_peripheral_583'
compiling user_periph_setup.c...
compiling user_custs1_impl.c...
compiling leds_in_arch.c...
compiling user_adc.c...
linking...
Program Size: Code=26868 RO-data=2608 RW-data=820 ZI-data=8036  
FromELF: creating hex file...
".\out_583\ble_app_peripheral_583.axf" - 0 Error(s), 0 Warning(s).

<h2>Collection of Component include folders:</h2>
  D:\Head of SW\GLO2\GLO_Device_2_06-13V3\DA1458x_SDK\5.0.4\projects\target_apps\ble_examples\ble_app_peripheral\Keil_5\RTE
  D:\Keil_v5\ARM\PACK\ARM\CMSIS\5.2.0

<h2>Collection of Component Files used:</h2>
</pre>
</body>
</html>
