Component: ARM Compiler 5.05 update 1 (build 106) Tool: armlink [4d0efa]

==============================================================================

Section Cross References

    boot_vectors.o(RESET) refers to boot_vectors.o(STACK) for __initial_sp
    boot_vectors.o(RESET) refers to boot_vectors.o(.text) for Reset_Handler
    boot_vectors.o(RESET) refers to rwble.o(.text) for BLE_WAKEUP_LP_Handler
    boot_vectors.o(RESET) refers to wkupct_quadec.o(.text) for WKUP_QUADEC_Handler
    boot_vectors.o(RESET) refers to uart2.o(.text) for UART2_Handler
    boot_vectors.o(RESET) refers to gpio.o(.text) for GPIO0_Handler
    boot_vectors.o(.text) refers to system_armcm0.o(.text) for SystemInit
    boot_vectors.o(.text) refers to entry.o(.ARM.Collect$$$$00000000) for __main
    boot_vectors.o(.text) refers to nmi_handler.o(.text) for NMI_HandlerC
    boot_vectors.o(.text) refers to hardfault_handler.o(.text) for HardFault_HandlerC
    boot_vectors.o(.text) refers to arch_patch.o(.text) for SVC_Handler_c
    nvds.o(.text) refers to spi_flash.o(.text) for spi_flash_power_down
    nvds.o(.text) refers to spi.o(.text) for spi_release
    nvds.o(.text) refers to gpio.o(.text) for GPIO_ConfigurePin
    nvds.o(.text) refers to nvds.o(retention_mem_area0) for retention_mem_area0
    nvds.o(.text) refers to nvds.o(.constdata) for .constdata
    arch_main.o(.text) refers to arch_system.o(.text) for system_init
    arch_main.o(.text) refers to rwip.o(.text) for rwip_sleep
    arch_main.o(.text) refers to jump_table.o(jump_table_mem_area) for jump_table_base
    arch_main.o(.text) refers to rwble.o(retention_mem_area0) for fine_hit
    arch_main.o(.constdata) refers to user_peripheral.o(.text) for user_app_init
    jump_table.o(jump_table_mem_area) refers to arch_main.o(.text) for main_func
    jump_table.o(jump_table_mem_area) refers to rf_580.o(.text) for rf_init_func
    jump_table.o(jump_table_mem_area) refers to prf_utils.o(.text) for prf_init_func
    jump_table.o(jump_table_mem_area) refers to arch_system.o(.text) for uart_flow_off_func
    jump_table.o(jump_table_mem_area) refers to rwble.o(.text) for lld_sleep_compensate_func_patched
    jump_table.o(jump_table_mem_area) refers to jump_table.o(heap_mem_area_not_ret) for rwip_heap_non_ret
    jump_table.o(jump_table_mem_area) refers to jump_table.o(heap_env_area) for rwip_heap_env_ret
    jump_table.o(jump_table_mem_area) refers to jump_table.o(heap_db_area) for rwip_heap_db_ret
    jump_table.o(jump_table_mem_area) refers to jump_table.o(heap_msg_area) for rwip_heap_msg_ret
    jump_table.o(jump_table_mem_area) refers to ke_task.obj(.text) for ke_task_init_func
    jump_table.o(jump_table_mem_area) refers to nvds.o(.text) for custom_nvds_get_func
    jump_table.o(jump_table_mem_area) refers to jump_table.o(.constdata) for LUT_CFG
    arch_sleep.o(.text) refers to arch_sleep.o(retention_mem_area0) for retention_mem_area0
    arch_sleep.o(.text) refers to arch_sleep.o(.text) for arch_set_deep_sleep
    arch_sleep.o(.text) refers to arch_sleep.o(retention_mem_area0) for retention_mem_area0
    arch_sleep.o(.text) refers to arch_sleep.o(.text) for arch_get_sleep_mode
    arch_sleep.o(.text) refers to arch_sleep.o(.text) for arch_disable_sleep
    arch_sleep.o(.text) refers to arch_sleep.o(retention_mem_area0) for retention_mem_area0
    arch_sleep.o(.text) refers to arch_sleep.o(retention_mem_area0) for retention_mem_area0
    arch_sleep.o(.text) refers to arch_sleep.o(retention_mem_area0) for retention_mem_area0
    arch_sleep.o(.text) refers to rwble.o(retention_mem_area0) for arch_rwble_last_event
    arch_system.o(.text) refers to arch_system.o(retention_mem_area0) for retention_mem_area0
    arch_system.o(.text) refers to trng.o(.text) for trng_acquire
    arch_system.o(.text) refers to gpio.o(.text) for GPIO_init
    arch_system.o(.text) refers to nvds.o(.text) for nvds_read_bdaddr_from_da14583_flash
    arch_system.o(.text) refers to user_periph_setup.o(.text) for periph_init
    arch_system.o(.text) refers to rf_580.o(.text) for iq_trim_from_otp
    arch_system.o(.text) refers to arch_patch.o(.text) for patch_llm_task
    arch_system.o(.text) refers to llc.obj(.text) for patch_llc_task
    arch_system.o(.text) refers to atts_task.obj(.text) for patch_atts_task
    arch_system.o(.text) refers to gapc_task.obj(.text) for patch_gapc_task
    arch_system.o(.text) refers to arch_sleep.o(.text) for arch_disable_sleep
    arch_system.o(.text) refers to app.o(.text) for app_init
    arch_system.o(.text) refers to user_peripheral.o(.text) for user_app_init
    arch_system.o(.text) refers to arch_system.o(retention_mem_area0) for retention_mem_area0
    arch_system.o(.text) refers to arch_main.o(retention_mem_area0) for sys_startup_flag
    arch_system.o(.text) refers to arch_system.o(.data) for .data
    arch_system.o(.constdata) refers to user_peripheral.o(.text) for user_app_init
    arch_patch.o(.text) refers to arch_patch.o(.constdata) for .constdata
[...]
    spi_set_bitmode                          0x20002653   Thumb Code    34  spi.o(.text)
    spi_release                              0x20002675   Thumb Code    38  spi.o(.text)
    spi_access                               0x2000269b   Thumb Code    46  spi.o(.text)
    spi_transaction                          0x200026c9   Thumb Code    24  spi.o(.text)
    i2c_eeprom_init                          0x200026e9   Thumb Code    76  i2c_eeprom.o(.text)
    i2c_eeprom_release                       0x20002735   Thumb Code    20  i2c_eeprom.o(.text)
    i2c_wait_until_eeprom_ready              0x20002749   Thumb Code    58  i2c_eeprom.o(.text)
    i2c_eeprom_read_data                     0x2000282f   Thumb Code    78  i2c_eeprom.o(.text)
    i2c_eeprom_write_page                    0x2000287d   Thumb Code   124  i2c_eeprom.o(.text)
    i2c_eeprom_write_data                    0x200028f9   Thumb Code    78  i2c_eeprom.o(.text)
    UART2_Handler                            0x2000299b   Thumb Code    82  uart2.o(.text)
    iq_trim_from_otp                         0x20002a31   Thumb Code    54  rf_580.o(.text)
    rf_reg_rd                                0x20002a67   Thumb Code     4  rf_580.o(.text)
    rf_reg_wr                                0x20002a6b   Thumb Code     2  rf_580.o(.text)
    rf_reset                                 0x20002a6d   Thumb Code     2  rf_580.o(.text)
    rf_force_agc_enable                      0x20002a6f   Thumb Code     2  rf_580.o(.text)
    rf_txpwr_dbm_get                         0x20002a71   Thumb Code     4  rf_580.o(.text)
    rf_regs                                  0x20002a85   Thumb Code   226  rf_580.o(.text)
    rf_init_func                             0x20002b6b   Thumb Code   138  rf_580.o(.text)
    rf_reinit_func                           0x20002bf5   Thumb Code   110  rf_580.o(.text)
    lld_sleep_compensate_func_patched        0x20002d15   Thumb Code    46  rwble.o(.text)
    skip_slave_latency_patch                 0x20002d43   Thumb Code   302  rwble.o(.text)
    power_up                                 0x20002e71   Thumb Code    70  rwble.o(.text)
    BLE_WAKEUP_LP_Handler                    0x20002eb7   Thumb Code    98  rwble.o(.text)
    BLE_SLP_Handler                          0x20002f19   Thumb Code   106  rwble.o(.text)
    BLE_CSCNT_Handler                        0x20002f83   Thumb Code    18  rwble.o(.text)
    BLE_FINETGTIM_Handler                    0x20002f95   Thumb Code    18  rwble.o(.text)
    BLE_RX_Handler                           0x20002fa7   Thumb Code    14  rwble.o(.text)
    BLE_EVENT_Handler                        0x20002fb5   Thumb Code    64  rwble.o(.text)
    BLE_RF_DIAG_Handler                      0x20002ff5   Thumb Code    82  rwble.o(.text)
    rwip_sleep                               0x20003091   Thumb Code   382  rwip.o(.text)
    attm_svc_create_db_128                   0x20003231   Thumb Code   272  attm_db_128.o(.text)
    diss_init                                0x20003345   Thumb Code    28  diss.o(.text)
    diss_compute_cfg_flag                    0x20003361   Thumb Code    38  diss.o(.text)
    diss_check_val_len                       0x20003387   Thumb Code    42  diss.o(.text)
    diss_disable                             0x200033b1   Thumb Code    42  diss.o(.text)
    prf_server_error_ind_send                0x200034e5   Thumb Code    44  prf_utils.o(.text)
    prf_server_send_event                    0x20003511   Thumb Code    42  prf_utils.o(.text)
    prf_init_func                            0x2000353b   Thumb Code    94  prf_utils.o(.text)
    prf_cleanup_func                         0x20003599   Thumb Code    88  prf_utils.o(.text)
    custs1_init                              0x200035fd   Thumb Code    28  custs1.o(.text)
    custs1_disable                           0x20003619   Thumb Code    42  custs1.o(.text)
    check_client_char_cfg                    0x200039cd   Thumb Code    42  custom_common.o(.text)
    get_value_handle                         0x200039f7   Thumb Code    62  custom_common.o(.text)
    get_cfg_handle                           0x20003a35   Thumb Code    68  custom_common.o(.text)
    spotar_init                              0x20003ed9   Thumb Code    28  spotar.o(.text)
    spotar_disable                           0x20003ef5   Thumb Code    42  spotar.o(.text)
    default_app_on_init                      0x20003f2d   Thumb Code    22  app_default_handlers.o(.text)
    default_app_on_connection                0x20003f43   Thumb Code    30  app_default_handlers.o(.text)
    default_app_on_set_dev_config_complete   0x20003f61   Thumb Code    16  app_default_handlers.o(.text)
    default_app_on_db_init_complete          0x20003f71   Thumb Code    16  app_default_handlers.o(.text)
    app_prf_enable                           0x20003fad   Thumb Code   136  app.o(.text)
    app_easy_gap_advertise_stop              0x20004289   Thumb Code    26  app.o(.text)
    app_init                                 0x200042a3   Thumb Code    56  app.o(.text)
    app_easy_gap_disconnect                  0x200042db   Thumb Code    48  app.o(.text)
    app_easy_gap_confirm                     0x2000430b   Thumb Code    36  app.o(.text)
    app_easy_gap_undirected_advertise_get_active 0x2000432f   Thumb Code     2  app.o(.text)
    app_easy_gap_undirected_advertise_start  0x20004331   Thumb Code    26  app.o(.text)
    app_easy_gap_param_update_start          0x2000434b   Thumb Code    62  app.o(.text)
    app_db_init_start                        0x20004389   Thumb Code    16  app.o(.text)
    app_db_init                              0x20004399   Thumb Code     2  app.o(.text)
    app_easy_gap_dev_configure               0x2000439b   Thumb Code    18  app.o(.text)
    get_user_prf_srv_perm                    0x200043ad   Thumb Code    34  app.o(.text)
    prf_init_srv_perm                        0x200043cf   Thumb Code    30  app.o(.text)
    app_gap_process_handler                  0x20004581   Thumb Code    26  app_task.o(.text)
    app_dis_init                             0x200045ad   Thumb Code     2  app_diss.o(.text)
    app_diss_create_db                       0x200045af   Thumb Code    26  app_diss.o(.text)
    app_diss_enable                          0x200045c9   Thumb Code    40  app_diss.o(.text)
    app_diss_process_handler                 0x2000471b   Thumb Code    24  app_diss_task.o(.text)
    app_spotar_init                          0x2000476d   Thumb Code    24  app_spotar.o(.text)
    app_spotar_reset                         0x20004785   Thumb Code    12  app_spotar.o(.text)
    app_spotar_create_db                     0x20004791   Thumb Code    24  app_spotar.o(.text)
    app_spotar_enable                        0x200047a9   Thumb Code    48  app_spotar.o(.text)
    spotar_send_status_update_req            0x200047d9   Thumb Code    36  app_spotar.o(.text)
    app_spotar_stop                          0x200047fd   Thumb Code    26  app_spotar.o(.text)
    app_spi_flash_init                       0x20004817   Thumb Code    66  app_spotar.o(.text)
    app_spotar_spi_config                    0x20004859   Thumb Code   132  app_spotar.o(.text)
    app_set_image_valid_flag                 0x200048dd   Thumb Code    54  app_spotar.o(.text)
    app_spotar_start                         0x20004913   Thumb Code    40  app_spotar.o(.text)
    app_spotar_read_mem                      0x2000493b   Thumb Code   214  app_spotar.o(.text)
    spotar_send_mem_info_update_req          0x20004a11   Thumb Code    28  app_spotar.o(.text)
    app_spotar_pd_hdlr                       0x20004a2d   Thumb Code   226  app_spotar.o(.text)
    app_erase_flash_sectors                  0x20004b0f   Thumb Code    86  app_spotar.o(.text)
    app_get_image_id                         0x20004b65   Thumb Code    16  app_spotar.o(.text)
    app_find_old_img                         0x20004b75   Thumb Code    36  app_spotar.o(.text)
    app_read_ext_mem                         0x20004b99   Thumb Code    24  app_spotar.o(.text)
    app_read_image_headers                   0x20004bb1   Thumb Code   518  app_spotar.o(.text)
    app_spotar_img_hdlr                      0x20004db7   Thumb Code   160  app_spotar.o(.text)
    app_spotar_process_handler               0x20004fc5   Thumb Code    24  app_spotar_task.o(.text)
    app_entry_point_handler                  0x20004fed   Thumb Code    62  app_entry_point.o(.text)
    app_std_process_event                    0x2000502b   Thumb Code    64  app_entry_point.o(.text)
    app_check_BLE_active                     0x20005075   Thumb Code    38  app_msg_utils.o(.text)
    app_timer_api_process_handler            0x200050db   Thumb Code   206  app_easy_timer.o(.text)
    app_easy_timer                           0x200051a9   Thumb Code    80  app_easy_timer.o(.text)
    app_easy_timer_cancel                    0x200051f9   Thumb Code    66  app_easy_timer.o(.text)
    app_custs1_create_db                     0x200052b5   Thumb Code    64  app_customs.o(.text)
    app_custs1_enable                        0x200052f5   Thumb Code    36  app_customs.o(.text)
    app_custs1_process_handler               0x2000534b   Thumb Code    24  app_customs_task.o(.text)
    set_pad_functions                        0x20005369   Thumb Code    72  user_periph_setup.o(.text)
    periph_init                              0x200053b1   Thumb Code   172  user_periph_setup.o(.text)
    device_in_use_polling                    0x2000545d   Thumb Code    86  user_periph_setup.o(.text)
    device_pairing_polling                   0x200054b3   Thumb Code    76  user_periph_setup.o(.text)
    device_charge_polling                    0x200054ff   Thumb Code    66  user_periph_setup.o(.text)
    set_device_state_charging                0x20005541   Thumb Code    32  user_periph_setup.o(.text)
    battery_low_power_polling                0x20005561   Thumb Code    48  user_periph_setup.o(.text)
    set_device_state_low_battery             0x20005591   Thumb Code    28  user_periph_setup.o(.text)
    set_device_state_pairing                 0x200055ad   Thumb Code    18  user_periph_setup.o(.text)
    set_device_in_use                        0x200055bf   Thumb Code    48  user_periph_setup.o(.text)
    set_device_use_stop                      0x200055ef   Thumb Code    14  user_periph_setup.o(.text)
    device_sleep_mode_control                0x200055fd   Thumb Code    24  user_periph_setup.o(.text)
    device_state_polling                     0x20005615   Thumb Code   186  user_periph_setup.o(.text)
    app_user_timer_cb_handler                0x200056cf   Thumb Code   756  user_periph_setup.o(.text)
    Battery_level_upload                     0x200059cd   Thumb Code    76  user_custs1_impl.o(.text)
    app_data_timer_cb_handler                0x20005a19   Thumb Code   162  user_custs1_impl.o(.text)
    user_custs1_ctrl_wr_ind_handler          0x20005abb   Thumb Code   316  user_custs1_impl.o(.text)
    close_batterytimer_using                 0x20005bf7   Thumb Code    22  user_custs1_impl.o(.text)
    user_custs1_led_wr_ind_handler           0x20005c0d   Thumb Code    20  user_custs1_impl.o(.text)
    user_custs1_long_val_cfg_ind_handler     0x20005c21   Thumb Code     2  user_custs1_impl.o(.text)
    user_custs1_long_val_wr_ind_handler      0x20005c23   Thumb Code     2  user_custs1_impl.o(.text)
    user_custs1_adc_val_1_cfg_ind_handler    0x20005c25   Thumb Code     2  user_custs1_impl.o(.text)
    user_custs1_button_cfg_ind_handler       0x20005c27   Thumb Code     2  user_custs1_impl.o(.text)
    user_app_init                            0x20005c69   Thumb Code    36  user_peripheral.o(.text)
    user_app_adv_start                       0x20005c8d   Thumb Code   120  user_peripheral.o(.text)
    user_app_connection                      0x20005d05   Thumb Code    72  user_peripheral.o(.text)
    user_app_adv_undirect_complete           0x20005d4d   Thumb Code     2  user_peripheral.o(.text)
    user_app_adv_direct_complete             0x20005d4f   Thumb Code     8  user_peripheral.o(.text)
    on_spotar_status_change                  0x20005d57   Thumb Code    36  user_peripheral.o(.text)
    user_app_disconnect                      0x20005d7b   Thumb Code    58  user_peripheral.o(.text)
    user_catch_rest_hndl                     0x20005db5   Thumb Code    90  user_peripheral.o(.text)
    uart2_print_string                       0x20005e3d   Thumb Code     2  user_uart2.o(.text)
    set_rgb_led_pad_functions                0x20005e41   Thumb Code    52  rgb_led.o(.text)
    set_led_color                            0x20005e75   Thumb Code   110  rgb_led.o(.text)
    RTC_GPIO_reservations                    0x20005ee9   Thumb Code     2  rtc.o(.text)
    set_rtc_pad_functions                    0x20005eeb   Thumb Code    34  rtc.o(.text)
    i2c_rtc_init                             0x20005f0d   Thumb Code     8  rtc.o(.text)
    i2c_rtc_write_data                       0x20005f15   Thumb Code    44  rtc.o(.text)
    i2c_rtc_read_data                        0x20005f41   Thumb Code    44  rtc.o(.text)
    DECToBCD                                 0x20005f6d   Thumb Code    14  rtc.o(.text)
    RTC_SetTime                              0x20005f7b   Thumb Code    60  rtc.o(.text)
    RTC_GetTime                              0x20005fb7   Thumb Code    14  rtc.o(.text)
    RTC_Config                               0x20005fc5   Thumb Code    72  rtc.o(.text)
    save_usage_data                          0x20006015   Thumb Code   110  user_flash.o(.text)
    get_usage_data_length                    0x20006083   Thumb Code    54  user_flash.o(.text)
    LED_Power_Control                        0x200060c5   Thumb Code    58  leds_in_arch.o(.text)
    adc_get_battery_voltage_sample           0x20006105   Thumb Code    92  user_adc.o(.text)
    get_battery_voltage                      0x20006161   Thumb Code    34  user_adc.o(.text)
    Get_Battery_Level                        0x20006183   Thumb Code   380  user_adc.o(.text)
    __aeabi_dadd                             0x20006329   Thumb Code   328  dadd.o(.text)
    __aeabi_dsub                             0x20006471   Thumb Code    12  dadd.o(.text)
    __aeabi_drsub                            0x2000647d   Thumb Code    12  dadd.o(.text)
    __aeabi_f2uiz                            0x2000648d   Thumb Code    40  ffixui.o(.text)
    __aeabi_d2f                              0x200064b5   Thumb Code    56  d2f.o(.text)
    __aeabi_lasr                             0x200064ed   Thumb Code    38  llsshr.o(.text)
    _ll_sshift_r                             0x200064ed   Thumb Code     0  llsshr.o(.text)
    _float_round                             0x20006513   Thumb Code    16  fepilogue.o(.text)
    _float_epilogue                          0x20006523   Thumb Code   114  fepilogue.o(.text)
    __scatterload                            0x20006595   Thumb Code    28  init.o(.text)
    __scatterload_rt2                        0x20006595   Thumb Code     0  init.o(.text)
    Long Thumb to Thumb Veneer to memcmp     0x200065b9   Thumb Code    12  anon$$obj.o(Veneer$$Code)
    Long Thumb to Thumb Veneer to __aeabi_memcpy 0x200065c5   Thumb Code    12  anon$$obj.o(Veneer$$Code)
    Long Thumb to Thumb Veneer to nvds_get_func 0x200065d1   Thumb Code    12  anon$$obj.o(Veneer$$Code)
    Long Thumb to Thumb Veneer to __aeabi_memclr4 0x200065dd   Thumb Code    12  anon$$obj.o(Veneer$$Code)
    Long Thumb to Thumb Veneer to lld_sleep_check 0x200065e9   Thumb Code    12  anon$$obj.o(Veneer$$Code)
    Long Thumb to Thumb Veneer to rwip_prevent_sleep_get 0x200065f5   Thumb Code    12  anon$$obj.o(Veneer$$Code)
    Long Thumb to Thumb Veneer to ke_event_get 0x20006601   Thumb Code    12  anon$$obj.o(Veneer$$Code)
    Long Thumb to Thumb Veneer to rwip_schedule 0x2000660d   Thumb Code    12  anon$$obj.o(Veneer$$Code)
    Long Thumb to Thumb Veneer to func_check_mem 0x20006619   Thumb Code    12  anon$$obj.o(Veneer$$Code)
    Long Thumb to Thumb Veneer to test_rxdone 0x20006625   Thumb Code    12  anon$$obj.o(Veneer$$Code)
    Long Thumb to Thumb Veneer to ke_mem_is_empty 0x20006631   Thumb Code    12  anon$$obj.o(Veneer$$Code)
    Long Thumb to Thumb Veneer to rwip_wakeup_delay_set 0x2000663d   Thumb Code    12  anon$$obj.o(Veneer$$Code)
    Long Thumb to Thumb Veneer to $Super$$get_rc16m_count_func 0x20006649   Thumb Code    12  anon$$obj.o(Veneer$$Code)
    Long Thumb to Thumb Veneer to get_rc16m_count 0x20006655   Thumb Code    12  anon$$obj.o(Veneer$$Code)
    Long Thumb to Thumb Veneer to pll_vcocal_LUT_InitUpdate 0x20006661   Thumb Code    12  anon$$obj.o(Veneer$$Code)
    Long Thumb to Thumb Veneer to rf_calibration 0x2000666d   Thumb Code    12  anon$$obj.o(Veneer$$Code)
    Long Thumb to Thumb Veneer to lld_sleep_us_2_lpcycles_func 0x20006679   Thumb Code    12  anon$$obj.o(Veneer$$Code)
    Long Thumb to Thumb Veneer to lld_sleep_lpcycles_2_us_func 0x20006685   Thumb Code    12  anon$$obj.o(Veneer$$Code)
    Long Thumb to Thumb Veneer to uart_flow_on 0x20006691   Thumb Code    12  anon$$obj.o(Veneer$$Code)
    Long Thumb to Thumb Veneer to srand      0x2000669d   Thumb Code    12  anon$$obj.o(Veneer$$Code)
    Long Thumb to Thumb Veneer to set_system_clocks 0x200066a9   Thumb Code    12  anon$$obj.o(Veneer$$Code)
    Long Thumb to Thumb Veneer to nvds_init  0x200066b5   Thumb Code    12  anon$$obj.o(Veneer$$Code)
    Long Thumb to Thumb Veneer to rwip_init  0x200066c1   Thumb Code    12  anon$$obj.o(Veneer$$Code)
    Long Thumb to Thumb Veneer to enable_rf_diag_irq 0x200066cd   Thumb Code    12  anon$$obj.o(Veneer$$Code)
    Long Thumb to Thumb Veneer to platform_reset_func 0x200066d9   Thumb Code    12  anon$$obj.o(Veneer$$Code)
    Long Thumb to Thumb Veneer to ke_handler_search 0x200066e5   Thumb Code    12  anon$$obj.o(Veneer$$Code)
    Long Thumb to Thumb Veneer to ke_state_get 0x200066f1   Thumb Code    12  anon$$obj.o(Veneer$$Code)
    Long Thumb to Thumb Veneer to __ARM_common_switch8 0x200066fd   Thumb Code    12  anon$$obj.o(Veneer$$Code)
    Long Thumb to Thumb Veneer to TASK_LLM_lld_data_ind_handler 0x20006709   Thumb Code    12  anon$$obj.o(Veneer$$Code)
    Long Thumb to Thumb Veneer to co_buf_rx_free 0x20006715   Thumb Code    12  anon$$obj.o(Veneer$$Code)
    Long Thumb to Thumb Veneer to ke_malloc  0x20006721   Thumb Code    12  anon$$obj.o(Veneer$$Code)
    Long Thumb to Thumb Veneer to ke_state_set 0x2000672d   Thumb Code    12  anon$$obj.o(Veneer$$Code)
    Long Thumb to Thumb Veneer to ke_msg_alloc 0x20006739   Thumb Code    12  anon$$obj.o(Veneer$$Code)
    Long Thumb to Thumb Veneer to ke_msg_send 0x20006745   Thumb Code    12  anon$$obj.o(Veneer$$Code)
    Long Thumb to Thumb Veneer to ke_timer_clear 0x20006751   Thumb Code    12  anon$$obj.o(Veneer$$Code)
    Long Thumb to Thumb Veneer to atts_send_cmd_cmp 0x2000675d   Thumb Code    12  anon$$obj.o(Veneer$$Code)
    Long Thumb to Thumb Veneer to atts_mtu_exc_resp 0x20006769   Thumb Code    12  anon$$obj.o(Veneer$$Code)
    Long Thumb to Thumb Veneer to atts_find_info_resp 0x20006775   Thumb Code    12  anon$$obj.o(Veneer$$Code)
    Long Thumb to Thumb Veneer to atts_find_by_type_resp 0x20006781   Thumb Code    12  anon$$obj.o(Veneer$$Code)
    Long Thumb to Thumb Veneer to atts_read_by_type_resp 0x2000678d   Thumb Code    12  anon$$obj.o(Veneer$$Code)
    Long Thumb to Thumb Veneer to atts_read_by_grp_type_resp 0x20006799   Thumb Code    12  anon$$obj.o(Veneer$$Code)
    Long Thumb to Thumb Veneer to atts_read_blob_resp 0x200067a5   Thumb Code    12  anon$$obj.o(Veneer$$Code)
    Long Thumb to Thumb Veneer to atts_read_mult_resp 0x200067b1   Thumb Code    12  anon$$obj.o(Veneer$$Code)
    Long Thumb to Thumb Veneer to atts_write_no_resp 0x200067bd   Thumb Code    12  anon$$obj.o(Veneer$$Code)
    Long Thumb to Thumb Veneer to atts_write_resp 0x200067c9   Thumb Code    12  anon$$obj.o(Veneer$$Code)
    Long Thumb to Thumb Veneer to atts_signed_write_resp 0x200067d5   Thumb Code    12  anon$$obj.o(Veneer$$Code)
    Long Thumb to Thumb Veneer to atts_prepare_write_resp 0x200067e1   Thumb Code    12  anon$$obj.o(Veneer$$Code)
    Long Thumb to Thumb Veneer to atts_execute_write_resp 0x200067ed   Thumb Code    12  anon$$obj.o(Veneer$$Code)
    Long Thumb to Thumb Veneer to attmdb_get_attribute 0x200067f9   Thumb Code    12  anon$$obj.o(Veneer$$Code)
    Long Thumb to Thumb Veneer to gattc_get_mtu 0x20006805   Thumb Code    12  anon$$obj.o(Veneer$$Code)
    Long Thumb to Thumb Veneer to atts_allocate_pdu 0x20006811   Thumb Code    12  anon$$obj.o(Veneer$$Code)
    Long Thumb to Thumb Veneer to atts_send_error 0x2000681d   Thumb Code    12  anon$$obj.o(Veneer$$Code)
    Long Thumb to Thumb Veneer to atts_send_pdu 0x20006829   Thumb Code    12  anon$$obj.o(Veneer$$Code)
    Long Thumb to Thumb Veneer to atts_get_att_chk_perm 0x20006835   Thumb Code    12  anon$$obj.o(Veneer$$Code)
    Long Thumb to Thumb Veneer to attmdb_get_service 0x20006841   Thumb Code    12  anon$$obj.o(Veneer$$Code)
    Long Thumb to Thumb Veneer to __aeabi_llsl 0x2000684d   Thumb Code    12  anon$$obj.o(Veneer$$Code)
    Long Thumb to Thumb Veneer to lld_con_update_ind 0x20006859   Thumb Code    12  anon$$obj.o(Veneer$$Code)
    Long Thumb to Thumb Veneer to __aeabi_uidivmod 0x20006865   Thumb Code    12  anon$$obj.o(Veneer$$Code)
    Long Thumb to Thumb Veneer to llc_util_dicon_procedure 0x20006871   Thumb Code    12  anon$$obj.o(Veneer$$Code)
    Long Thumb to Thumb Veneer to lld_ch_map_ind 0x2000687d   Thumb Code    12  anon$$obj.o(Veneer$$Code)
    Long Thumb to Thumb Veneer to gapm_get_privacy_flag 0x20006889   Thumb Code    12  anon$$obj.o(Veneer$$Code)
    Long Thumb to Thumb Veneer to gapm_set_recon_addr 0x20006895   Thumb Code    12  anon$$obj.o(Veneer$$Code)
    Long Thumb to Thumb Veneer to co_list_pop_front 0x200068a1   Thumb Code    12  anon$$obj.o(Veneer$$Code)
    Long Thumb to Thumb Veneer to ke_task_handler_get 0x200068ad   Thumb Code    12  anon$$obj.o(Veneer$$Code)
    Long Thumb to Thumb Veneer to ke_msg_free 0x200068b9   Thumb Code    12  anon$$obj.o(Veneer$$Code)
    Long Thumb to Thumb Veneer to co_list_push_back 0x200068c5   Thumb Code    12  anon$$obj.o(Veneer$$Code)
    Long Thumb to Thumb Veneer to ke_event_clear 0x200068d1   Thumb Code    12  anon$$obj.o(Veneer$$Code)
    Long Thumb to Thumb Veneer to ke_event_callback_set 0x200068dd   Thumb Code    12  anon$$obj.o(Veneer$$Code)
    Long Thumb to Thumb Veneer to gapc_get_enc_keysize 0x200068e9   Thumb Code    12  anon$$obj.o(Veneer$$Code)
    Long Thumb to Thumb Veneer to gapc_get_role 0x200068f5   Thumb Code    12  anon$$obj.o(Veneer$$Code)
    Long Thumb to Thumb Veneer to smpc_generate_rand 0x20006901   Thumb Code    12  anon$$obj.o(Veneer$$Code)
    Long Thumb to Thumb Veneer to smpc_tkdp_send_continue 0x2000690d   Thumb Code    12  anon$$obj.o(Veneer$$Code)
    Long Thumb to Thumb Veneer to smpc_pdu_send 0x20006919   Thumb Code    12  anon$$obj.o(Veneer$$Code)
    Long Thumb to Thumb Veneer to smpc_tkdp_rcp_start 0x20006925   Thumb Code    12  anon$$obj.o(Veneer$$Code)
    Long Thumb to Thumb Veneer to smpc_pairing_end 0x20006931   Thumb Code    12  anon$$obj.o(Veneer$$Code)
    Long Thumb to Thumb Veneer to smpc_check_max_key_size 0x2000693d   Thumb Code    12  anon$$obj.o(Veneer$$Code)
    Long Thumb to Thumb Veneer to smpc_check_key_distrib 0x20006949   Thumb Code    12  anon$$obj.o(Veneer$$Code)
    Long Thumb to Thumb Veneer to smpc_get_key_sec_prop 0x20006955   Thumb Code    12  anon$$obj.o(Veneer$$Code)
    Long Thumb to Thumb Veneer to smpc_is_sec_mode_reached 0x20006961   Thumb Code    12  anon$$obj.o(Veneer$$Code)
    Long Thumb to Thumb Veneer to rand       0x2000696d   Thumb Code    12  anon$$obj.o(Veneer$$Code)
    Long Thumb to Thumb Veneer to llc_pdu_send 0x20006979   Thumb Code    12  anon$$obj.o(Veneer$$Code)
    Long Thumb to Thumb Veneer to llm_util_check_evt_mask 0x20006985   Thumb Code    12  anon$$obj.o(Veneer$$Code)
    Long Thumb to Thumb Veneer to llc_ltk_req_send 0x20006991   Thumb Code    12  anon$$obj.o(Veneer$$Code)
    Long Thumb to Thumb Veneer to llc_terminate_ind_pdu_send 0x2000699d   Thumb Code    12  anon$$obj.o(Veneer$$Code)
    Long Thumb to Thumb Veneer to ke_timer_set 0x200069a9   Thumb Code    12  anon$$obj.o(Veneer$$Code)
    Long Thumb to Thumb Veneer to llc_reject_ind_pdu_send 0x200069b5   Thumb Code    12  anon$$obj.o(Veneer$$Code)
    Long Thumb to Thumb Veneer to llm_util_get_role 0x200069c1   Thumb Code    12  anon$$obj.o(Veneer$$Code)
    Long Thumb to Thumb Veneer to llc_le_con_update_cmd_handler 0x200069cd   Thumb Code    12  anon$$obj.o(Veneer$$Code)
    Long Thumb to Thumb Veneer to lld_evt_int_extract 0x200069d9   Thumb Code    12  anon$$obj.o(Veneer$$Code)
    Long Thumb to Thumb Veneer to ke_free    0x200069e5   Thumb Code    12  anon$$obj.o(Veneer$$Code)
    Long Thumb to Thumb Veneer to lld_stop_ind_handler 0x200069f1   Thumb Code    12  anon$$obj.o(Veneer$$Code)
    Long Thumb to Thumb Veneer to llc_start_enc_rsp_pdu_send 0x200069fd   Thumb Code    12  anon$$obj.o(Veneer$$Code)
    Long Thumb to Thumb Veneer to llc_common_enc_change_evt_send 0x20006a09   Thumb Code    12  anon$$obj.o(Veneer$$Code)
    Long Thumb to Thumb Veneer to llc_llcp_rsp_to_ind_handler 0x20006a15   Thumb Code    12  anon$$obj.o(Veneer$$Code)
    Long Thumb to Thumb Veneer to llc_link_sup_to_ind_handler 0x20006a21   Thumb Code    12  anon$$obj.o(Veneer$$Code)
    Long Thumb to Thumb Veneer to gapc_send_error_evt 0x20006a2d   Thumb Code    12  anon$$obj.o(Veneer$$Code)
    Long Thumb to Thumb Veneer to gapc_get_operation 0x20006a39   Thumb Code    12  anon$$obj.o(Veneer$$Code)
    Long Thumb to Thumb Veneer to gapc_send_complete_evt 0x20006a45   Thumb Code    12  anon$$obj.o(Veneer$$Code)
    Long Thumb to Thumb Veneer to gapc_send_disconect_ind 0x20006a51   Thumb Code    12  anon$$obj.o(Veneer$$Code)
    Long Thumb to Thumb Veneer to gapm_con_cleanup 0x20006a5d   Thumb Code    12  anon$$obj.o(Veneer$$Code)
    Long Thumb to Thumb Veneer to llc_con_update_cmd_complete_send 0x20006a69   Thumb Code    12  anon$$obj.o(Veneer$$Code)
    Long Thumb to Thumb Veneer to IffCalibration 0x20006a75   Thumb Code    12  anon$$obj.o(Veneer$$Code)
    Long Thumb to Thumb Veneer to DCoffsetCalibration 0x20006a81   Thumb Code    12  anon$$obj.o(Veneer$$Code)
    Long Thumb to Thumb Veneer to ble_regs_pop 0x20006a8d   Thumb Code    12  anon$$obj.o(Veneer$$Code)
    Long Thumb to Thumb Veneer to rwip_wakeup 0x20006a99   Thumb Code    12  anon$$obj.o(Veneer$$Code)
    Long Thumb to Thumb Veneer to rf_workaround_init 0x20006aa5   Thumb Code    12  anon$$obj.o(Veneer$$Code)
    Long Thumb to Thumb Veneer to rf_reinit  0x20006ab1   Thumb Code    12  anon$$obj.o(Veneer$$Code)
    Long Thumb to Thumb Veneer to $Super$$BLE_CSCNT_Handler 0x20006abd   Thumb Code    12  anon$$obj.o(Veneer$$Code)
    Long Thumb to Thumb Veneer to lld_evt_rx_isr 0x20006ac9   Thumb Code    12  anon$$obj.o(Veneer$$Code)
    Long Thumb to Thumb Veneer to lld_evt_end_isr 0x20006ad5   Thumb Code    12  anon$$obj.o(Veneer$$Code)
    Long Thumb to Thumb Veneer to set_rf_cal_cap 0x20006ae1   Thumb Code    12  anon$$obj.o(Veneer$$Code)
    Long Thumb to Thumb Veneer to set_gauss_modgain 0x20006aed   Thumb Code    12  anon$$obj.o(Veneer$$Code)
    Long Thumb to Thumb Veneer to lld_evt_start_isr 0x20006af9   Thumb Code    12  anon$$obj.o(Veneer$$Code)
    Long Thumb to Thumb Veneer to ke_sleep_check 0x20006b05   Thumb Code    12  anon$$obj.o(Veneer$$Code)
    Long Thumb to Thumb Veneer to ke_timer_sleep_check 0x20006b11   Thumb Code    12  anon$$obj.o(Veneer$$Code)
    Long Thumb to Thumb Veneer to lld_sleep_enter 0x20006b1d   Thumb Code    12  anon$$obj.o(Veneer$$Code)
    Long Thumb to Thumb Veneer to ble_regs_push 0x20006b29   Thumb Code    12  anon$$obj.o(Veneer$$Code)
    Long Thumb to Thumb Veneer to attmdb_add_service 0x20006b35   Thumb Code    12  anon$$obj.o(Veneer$$Code)
    Long Thumb to Thumb Veneer to attmdb_add_attribute 0x20006b41   Thumb Code    12  anon$$obj.o(Veneer$$Code)
    Long Thumb to Thumb Veneer to attmdb_att_set_value 0x20006b4d   Thumb Code    12  anon$$obj.o(Veneer$$Code)
    Long Thumb to Thumb Veneer to attmdb_att_partial_value_update 0x20006b59   Thumb Code    12  anon$$obj.o(Veneer$$Code)
    Long Thumb to Thumb Veneer to __aeabi_memclr 0x20006b65   Thumb Code    12  anon$$obj.o(Veneer$$Code)
    Long Thumb to Thumb Veneer to ke_task_create 0x20006b71   Thumb Code    12  anon$$obj.o(Veneer$$Code)
    Long Thumb to Thumb Veneer to attmdb_svc_set_permission 0x20006b7d   Thumb Code    12  anon$$obj.o(Veneer$$Code)
    Long Thumb to Thumb Veneer to attm_svc_create_db 0x20006b89   Thumb Code    12  anon$$obj.o(Veneer$$Code)
    Long Thumb to Thumb Veneer to gapc_get_conidx 0x20006b95   Thumb Code    12  anon$$obj.o(Veneer$$Code)
    Long Thumb to Thumb Veneer to gapc_get_conhdl 0x20006ba1   Thumb Code    12  anon$$obj.o(Veneer$$Code)
    Long Thumb to Thumb Veneer to attmdb_att_set_permission 0x20006bad   Thumb Code    12  anon$$obj.o(Veneer$$Code)
    Long Thumb to Thumb Veneer to attmdb_att_get_uuid 0x20006bb9   Thumb Code    12  anon$$obj.o(Veneer$$Code)
    Long Thumb to Thumb Veneer to attmdb_att_get_permission 0x20006bc5   Thumb Code    12  anon$$obj.o(Veneer$$Code)
    Long Thumb to Thumb Veneer to attmdb_att_update_value 0x20006bd1   Thumb Code    12  anon$$obj.o(Veneer$$Code)
    Long Thumb to Thumb Veneer to attmdb_att_get_value 0x20006bdd   Thumb Code    12  anon$$obj.o(Veneer$$Code)
    Long Thumb to Thumb Veneer to atts_write_rsp_send 0x20006be9   Thumb Code    12  anon$$obj.o(Veneer$$Code)
    Long Thumb to Thumb Veneer to nvds_get   0x20006bf5   Thumb Code    12  anon$$obj.o(Veneer$$Code)
    Long Thumb to Thumb Veneer to get_patching_spota_length 0x20006c01   Thumb Code    12  anon$$obj.o(Veneer$$Code)
    Long Thumb to Thumb Veneer to __aeabi_memset 0x20006c0d   Thumb Code    12  anon$$obj.o(Veneer$$Code)
    Long Thumb to Thumb Veneer to __aeabi_idivmod 0x20006c19   Thumb Code    12  anon$$obj.o(Veneer$$Code)
    Long Thumb to Thumb Veneer to platform_reset 0x20006c25   Thumb Code    12  anon$$obj.o(Veneer$$Code)
    Long Thumb to Thumb Veneer to __aeabi_i2d 0x20006c31   Thumb Code    12  anon$$obj.o(Veneer$$Code)
    Long Thumb to Thumb Veneer to _double_epilogue 0x20006c3d   Thumb Code    12  anon$$obj.o(Veneer$$Code)
    Long Thumb to Thumb Veneer to _double_round 0x20006c49   Thumb Code    12  anon$$obj.o(Veneer$$Code)
    __scatterload_copy                       0x20006c55   Thumb Code    14  handlers.o(i.__scatterload_copy)
    __scatterload_null                       0x20006c63   Thumb Code     2  handlers.o(i.__scatterload_null)
    __scatterload_zeroinit                   0x20006c65   Thumb Code    14  handlers.o(i.__scatterload_zeroinit)
    free                                     0x20006c75   Thumb Code    80  malloc.o(i.free)
    malloc                                   0x20006cc9   Thumb Code    92  malloc.o(i.malloc)
    LUT_CFG                                  0x20006d3a   Data          22  jump_table.o(.constdata)
    atts_read_resp_impl                      0x20006d50   Data           4  arch_patch.o(.constdata)
    my_atts_default_handler                  0x20006e34   Data           8  atts_task.obj(.constdata)
    TASK_DESC_ATTS                           0x20006e3c   Data          16  atts_task.obj(.constdata)
    my_llc_state_handler                     0x20006ea4   Data         176  llc.obj(.constdata)
    my_llc_default_handler                   0x20006f54   Data           8  llc.obj(.constdata)
    TASK_DESC_LLC                            0x20006f5c   Data          16  llc.obj(.constdata)
    SPI_FLASH_KNOWN_DEVICES_PARAMETERS_LIST  0x20006f9c   Data          80  spi_flash.o(.constdata)
    diss_att_db                              0x20006fec   Data         228  diss.o(.constdata)
    diss_dis_svc                             0x200070d0   Data           2  diss.o(.constdata)
    diss_manufacturer_name_char              0x200070d2   Data           5  diss.o(.constdata)
    diss_model_nb_str_char                   0x200070d7   Data           5  diss.o(.constdata)
    diss_serial_nb_str_char                  0x200070dc   Data           5  diss.o(.constdata)
    diss_hard_rev_str_char                   0x200070e1   Data           5  diss.o(.constdata)
    diss_firm_rev_str_char                   0x200070e6   Data           5  diss.o(.constdata)
    diss_sw_rev_str_char                     0x200070eb   Data           5  diss.o(.constdata)
    diss_system_id_char                      0x200070f0   Data           5  diss.o(.constdata)
    diss_ieee_char                           0x200070f5   Data           5  diss.o(.constdata)
    diss_pnp_id_char                         0x200070fa   Data           5  diss.o(.constdata)
    diss_disabled                            0x20007110   Data           8  diss_task.o(.constdata)
    diss_idle                                0x20007118   Data          16  diss_task.o(.constdata)
    diss_default_state                       0x20007128   Data           8  diss_task.o(.constdata)
    diss_state_handler                       0x20007130   Data          24  diss_task.o(.constdata)
    diss_default_handler                     0x20007148   Data           8  diss_task.o(.constdata)
    custs1_disabled                          0x20007160   Data           8  custs1_task.o(.constdata)
    custs1_idle                              0x20007168   Data           8  custs1_task.o(.constdata)
    custs1_connected                         0x20007170   Data          40  custs1_task.o(.constdata)
    custs1_default_state                     0x20007198   Data           8  custs1_task.o(.constdata)
    custs1_state_handler                     0x200071a0   Data          24  custs1_task.o(.constdata)
    custs1_default_handler                   0x200071b8   Data           8  custs1_task.o(.constdata)
    spotar_disabled                          0x200071c0   Data           8  spotar_task.o(.constdata)
    spotar_idle                              0x200071c8   Data           8  spotar_task.o(.constdata)
    spotar_active                            0x200071d0   Data          24  spotar_task.o(.constdata)
    spotar_default_state                     0x200071e8   Data           8  spotar_task.o(.constdata)
    spotar_state_handler                     0x200071f0   Data          24  spotar_task.o(.constdata)
    spotar_default_handler                   0x20007208   Data           8  spotar_task.o(.constdata)
    spotar_service                           0x20007210   Data           2  spotar.o(.constdata)
    spotar_patch_mem_dev_val                 0x20007212   Data          16  spotar.o(.constdata)
    spotar_gpio_map_val                      0x20007222   Data          16  spotar.o(.constdata)
    spotar_patch_mem_info_val                0x20007232   Data          16  spotar.o(.constdata)
    spotar_patch_len_val                     0x20007242   Data          16  spotar.o(.constdata)
    spotar_patch_data_val                    0x20007252   Data          16  spotar.o(.constdata)
    spotar_patch_status_val                  0x20007262   Data          16  spotar.o(.constdata)
    prf_funcs                                0x200072b4   Data          36  app.o(.constdata)
    app_default_state                        0x20007324   Data           8  app_task.o(.constdata)
    app_default_handler                      0x2000732c   Data           8  app_task.o(.constdata)
    app_process_handlers                     0x20007370   Data          20  app_entry_point.o(.constdata)
    cust_prf_funcs                           0x20007394   Data          56  user_custs_config.o(.constdata)
    Region$$Table$$Base                      0x2000742c   Number         0  anon$$obj.o(Region$$Table)
    Region$$Table$$Limit                     0x2000745c   Number         0  anon$$obj.o(Region$$Table)
    startup_sleep_delay                      0x2000745c   Data           4  arch_system.o(.data)
    spotar_patch_mem_dev_char                0x20007460   Data          19  spotar.o(.data)
    spotar_gpio_map_char                     0x20007473   Data          19  spotar.o(.data)
    spotar_patch_mem_info_char               0x20007486   Data          19  spotar.o(.data)
    spotar_patch_len_char                    0x20007499   Data          19  spotar.o(.data)
    spotar_patch_data_char                   0x200074ac   Data          19  spotar.o(.data)
    spotar_patch_status_char                 0x200074bf   Data          19  spotar.o(.data)
    custs1_att_db                            0x200075e0   Data         416  user_custs1_def.o(.data)
    _dev_sta                                 0x20007780   Data           1  user_periph_setup.o(.data)
    battery_level_value                      0x20007782   Data           2  user_custs1_impl.o(.data)
    batt_sample                              0x20007784   Data           2  user_custs1_impl.o(.data)
    rtc_config_to_write                      0x20007786   Data           1  rtc.o(.data)
    old_battery_level                        0x20007787   Data           1  user_adc.o(.data)
    __microlib_freelist                      0x20007788   Data           4  mvars.o(.data)
    __microlib_freelist_initialised          0x2000778c   Data           4  mvars.o(.data)
    GPIOHandlerFunction                      0x20008000   Data          20  gpio.o(.bss)
    spi_flash_device_index                   0x20008014   Data           2  spi_flash.o(.bss)
    spi_flash_detected_device                0x20008018   Data           4  spi_flash.o(.bss)
    spi_flash_size                           0x2000801c   Data           4  spi_flash.o(.bss)
    spi_flash_page_size                      0x20008020   Data           4  spi_flash.o(.bss)
    spi_driver_cs_pad                        0x20008024   Data           2  spi.o(.bss)
    central_bd_addr                          0x20008028   Data           6  app_task.o(.bss)
    _usage_data_                             0x20008030   Data          32  user_periph_setup.o(.bss)
    year                                     0x20008050   Data           1  user_custs1_impl.o(.bss)
    month                                    0x20008051   Data           1  user_custs1_impl.o(.bss)
    day                                      0x20008052   Data           1  user_custs1_impl.o(.bss)
    weekday                                  0x20008053   Data           1  user_custs1_impl.o(.bss)
    hour                                     0x20008054   Data           1  user_custs1_impl.o(.bss)
    min                                      0x20008055   Data           1  user_custs1_impl.o(.bss)
    sec                                      0x20008056   Data           1  user_custs1_impl.o(.bss)
    usage_data_read                          0x20008057   Data           1  user_custs1_impl.o(.bss)
    datatimer_used                           0x20008058   Data           2  user_custs1_impl.o(.bss)
    batterytimer_used                        0x2000805a   Data           2  user_custs1_impl.o(.bss)
    val                                      0x2000805c   Data          16  user_custs1_impl.o(.bss)
    app_connection_idx                       0x2000806c   Data           1  user_peripheral.o(.bss)
    app_param_update_request_timer_used      0x2000806d   Data           1  user_peripheral.o(.bss)
    usage_data_count_bytes_written           0x20008070   Data           1  user_flash.o(.bss)
    usage_data_written                       0x20008071   Data           1  user_flash.o(.bss)
    usage_data_count_bytes_read              0x20008072   Data           1  user_flash.o(.bss)
    usage_data_count_write_bytes             0x20008073   Data           2  user_flash.o(.bss)
    usage_data_count_read_bytes              0x20008075   Data           2  user_flash.o(.bss)
    flash_bytes_read                         0x20008078   Data           4  user_flash.o(.bss)
    flash_bytes_written                      0x2000807c   Data           4  user_flash.o(.bss)
    data_read                                0x20008080   Data           7  user_flash.o(.bss)
    led_power_on_state                       0x20008087   Data           1  leds_in_arch.o(.bss)
    __heap_base                              0x20008090   Data           0  boot_vectors.o(HEAP)
    __heap_limit                             0x20008190   Data           0  boot_vectors.o(HEAP)
    dev_bdaddr                               0x20008190   Data           6  nvds.o(retention_mem_area0)
    sys_startup_flag                         0x20008196   Data           1  arch_main.o(retention_mem_area0)
    sleep_md                                 0x20008197   Data           1  arch_sleep.o(retention_mem_area0)
    sleep_pend                               0x20008198   Data           1  arch_sleep.o(retention_mem_area0)
    sleep_cnt                                0x20008199   Data           1  arch_sleep.o(retention_mem_area0)
    sleep_ext_force                          0x2000819a   Data           1  arch_sleep.o(retention_mem_area0)
    cal_enable                               0x2000819c   Data           1  arch_system.o(retention_mem_area0)
    force_rf_cal                             0x2000819d   Data           1  arch_system.o(retention_mem_area0)
    arch_wkupct_deb_time                     0x2000819e   Data           2  arch_system.o(retention_mem_area0)
    lp_clk_sel                               0x200081a0   Data           4  arch_system.o(retention_mem_area0)
    rcx_freq                                 0x200081a4   Data           4  arch_system.o(retention_mem_area0)
    rcx_period                               0x200081a8   Data           4  arch_system.o(retention_mem_area0)
    rcx_slot_duration_num                    0x200081ac   Data           4  arch_system.o(retention_mem_area0)
    rcx_slot_duration_den                    0x200081b0   Data           4  arch_system.o(retention_mem_area0)
    dg_registered_tasks                      0x200081b8   Data           8  atts_util.obj(retention_mem_area0)
    alt_evts                                 0x200081c0   Data          24  llc.obj(retention_mem_area0)
    wkupct_quad_IRQ_status                   0x200081d8   Data           1  wkupct_quadec.o(retention_mem_area0)
    arch_rwble_last_event                    0x20008202   Data           1  rwble.o(retention_mem_area0)
    set_boost_low_vbat1v_overhead            0x20008203   Data           1  rwble.o(retention_mem_area0)
    fine_hit                                 0x20008205   Data           1  rwble.o(retention_mem_area0)
    clk_freq_trim_reg_value                  0x20008206   Data           2  rwble.o(retention_mem_area0)
    wakeup_lp_comp                           0x20008208   Data           2  rwble.o(retention_mem_area0)
    diss_env                                 0x2000820a   Data          18  diss.o(retention_mem_area0)
    diss_state                               0x2000821c   Data           1  diss_task.o(retention_mem_area0)
    custs1_env                               0x2000821e   Data          14  custs1.o(retention_mem_area0)
    custs1_state                             0x2000822c   Data           1  custs1_task.o(retention_mem_area0)
    spotar_state                             0x2000822d   Data           1  spotar_task.o(retention_mem_area0)
    spotar_env                               0x2000822e   Data           8  spotar.o(retention_mem_area0)
    app_env                                  0x20008250   Data          12  app.o(retention_mem_area0)
    app_prf_srv_perm                         0x2000825c   Data          20  app.o(retention_mem_area0)
    app_state                                0x20008270   Data           1  app_task.o(retention_mem_area0)
    spota_state                              0x20008278   Data          44  app_spotar.o(retention_mem_area0)
    mnf_data                                 0x200082f4   Data           6  user_peripheral.o(retention_mem_area0)
    rwip_heap_non_ret                        0x20008bf4   Data        1036  jump_table.o(heap_mem_area_not_ret)
    SystemCoreClock                          0x20009000   Data           0  rom_symdef.txt ABSOLUTE
    error                                    0x20009004   Data           0  rom_symdef.txt ABSOLUTE
    _100ms_flg                               0x20009020   Data           1  user_periph_setup.o(.bss)
    _250ms_flg                               0x20009021   Data           1  user_periph_setup.o(.bss)
    _500ms_flg                               0x20009022   Data           1  user_periph_setup.o(.bss)
    _1s_flg                                  0x20009023   Data           1  user_periph_setup.o(.bss)
    ble_sta                                  0x20009024   Data           1  user_periph_setup.o(.bss)
    ble_sta_old                              0x20009025   Data           1  user_periph_setup.o(.bss)
    button_state                             0x20009026   Data           1  user_periph_setup.o(.bss)
    button_state_old                         0x20009027   Data           1  user_periph_setup.o(.bss)
    button_value                             0x20009028   Data           1  user_periph_setup.o(.bss)
    button_press                             0x20009029   Data           1  user_periph_setup.o(.bss)
    long_press_flg                           0x2000902a   Data           1  user_periph_setup.o(.bss)
    _leds_in_arch_state                      0x2000902b   Data           1  user_periph_setup.o(.bss)
    _sys_sta_leds_color                      0x2000902c   Data           1  user_periph_setup.o(.bss)
    _device_in_use_step                      0x2000902d   Data           1  user_periph_setup.o(.bss)
    device_pairing_step                      0x2000902e   Data           1  user_periph_setup.o(.bss)
    device_pairing_time                      0x2000902f   Data           1  user_periph_setup.o(.bss)
    device_charging_color_flg                0x20009030   Data           1  user_periph_setup.o(.bss)
    low_battery_color_flg                    0x20009031   Data           1  user_periph_setup.o(.bss)
    low_battery_timeout                      0x20009032   Data           1  user_periph_setup.o(.bss)
    battery_low_flag                         0x20009033   Data           1  user_periph_setup.o(.bss)
    batt_test                                0x20009038   Data           2  user_periph_setup.o(.bss)
    timer_user                               0x2000903a   Data           2  user_periph_setup.o(.bss)
    user_time_cnt                            0x2000903c   Data           4  user_periph_setup.o(.bss)
    charger_in_delay                         0x20009040   Data           4  user_periph_setup.o(.bss)
    charger_out_delay                        0x20009044   Data           4  user_periph_setup.o(.bss)
    charge_delay                             0x20009048   Data           4  user_periph_setup.o(.bss)
    full_delay                               0x2000904c   Data           4  user_periph_setup.o(.bss)
    button_press_debounce_time_cnt           0x20009050   Data           4  user_periph_setup.o(.bss)
    button_release_debounce_time_cnt         0x20009054   Data           4  user_periph_setup.o(.bss)
    button_press_cnt                         0x20009058   Data           4  user_periph_setup.o(.bss)
    button_long_press_cnt                    0x2000905c   Data           4  user_periph_setup.o(.bss)
    _device_in_use_time                      0x20009060   Data           4  user_periph_setup.o(.bss)
    _device_count_down_cnt                   0x20009064   Data           4  user_periph_setup.o(.bss)
    device_pairing_cnt                       0x20009068   Data           4  user_periph_setup.o(.bss)
    device_charging_time                     0x2000906c   Data           4  user_periph_setup.o(.bss)
    low_battery_time                         0x20009070   Data           4  user_periph_setup.o(.bss)
    device_state                             0x20009074   Data           6  user_periph_setup.o(.bss)
    error_code_write                         0x2000907c   Data           1  rtc.o(.bss)
    error_code_read                          0x2000907d   Data           1  rtc.o(.bss)
    rtc_config_data_read                     0x2000907e   Data           1  rtc.o(.bss)
    rtc_config_bytes_read                    0x20009080   Data           4  rtc.o(.bss)
    rtc_config_bytes_written                 0x20009084   Data           4  rtc.o(.bss)
    bytes_written_value                      0x20009088   Data           4  rtc.o(.bss)
    bytes_read_value                         0x2000908c   Data           4  rtc.o(.bss)
    rtc_set_time                             0x20009090   Data           7  rtc.o(.bss)
    rtc_get_time                             0x20009097   Data           7  rtc.o(.bss)
    spota_new_pd                             0x200090a0   Data          80  app_spotar.o(spotar_patch_area)
    spota_all_pd                             0x200090f0   Data         256  app_spotar.o(spotar_patch_area)
    __initial_sp                             0x20009800   Data           0  boot_vectors.o(STACK)



==============================================================================

Memory Map of the image

  Image Entry point : 0x20000441

  Load Region LR_IROM1 (Base: 0x20000000, Size: 0x000000a0, Max: 0x00000160, ABSOLUTE)

    Execution Region ER_IROM1 (Base: 0x20000000, Size: 0x000000a0, Max: 0x00000160, ABSOLUTE)

    Base Addr    Size         Type   Attr      Idx    E Section Name        Object

    0x20000000   0x000000a0   Data   RO          228    RESET               boot_vectors.o



  Load Region LR_IROM2 (Base: 0x20000160, Size: 0x00000160, Max: 0x00000160, ABSOLUTE)

    Execution Region ER_IROM2 (Base: 0x20000160, Size: 0x00000160, Max: 0x00000160, ABSOLUTE)

    Base Addr    Size         Type   Attr      Idx    E Section Name        Object

    0x20000160   0x00000160   Data   RO          508    jump_table_mem_area  jump_table.o



  Load Region LR_IROM3 (Base: 0x200002c0, Size: 0x00000064, Max: 0x00000080, ABSOLUTE)

    Execution Region ER_IROM3 (Base: 0x200002c0, Size: 0x00000064, Max: 0x00000080, ABSOLUTE)

    Base Addr    Size         Type   Attr      Idx    E Section Name        Object

    0x200002c0   0x00000064   Data   RO         1529    timeout_table_area  gapm.o



  Load Region LR_IROM4 (Base: 0x20000340, Size: 0x000000a4, Max: 0x00000100, ABSOLUTE)

    Execution Region ER_IROM4 (Base: 0x20000340, Size: 0x000000a4, Max: 0x00000100, ABSOLUTE)

    Base Addr    Size         Type   Attr      Idx    E Section Name        Object

    0x20000340   0x000000a4   Data   RO          287    nvds_data_storage_area  nvds.o



  Load Region LR_IROM5 (Base: 0x20000440, Size: 0x00007350, Max: 0x000093c0, ABSOLUTE)

    Execution Region ER_IROM5 (Base: 0x20000440, Size: 0x00007350, Max: 0x00007ac0, ABSOLUTE)

    Base Addr    Size         Type   Attr      Idx    E Section Name        Object

    0x20000440   0x00000000   Code   RO         2925  * .ARM.Collect$$$$00000000  mc_p.l(entry.o)
    0x20000440   0x00000004   Code   RO         2960    .ARM.Collect$$$$00000001  mc_p.l(entry2.o)
    0x20000444   0x00000004   Code   RO         2963    .ARM.Collect$$$$00000004  mc_p.l(entry5.o)
    0x20000448   0x00000000   Code   RO         2965    .ARM.Collect$$$$00000008  mc_p.l(entry7b.o)
    0x20000448   0x00000000   Code   RO         2967    .ARM.Collect$$$$0000000A  mc_p.l(entry8b.o)
    0x20000448   0x00000008   Code   RO         2968    .ARM.Collect$$$$0000000B  mc_p.l(entry9a.o)
    0x20000450   0x00000000   Code   RO         2970    .ARM.Collect$$$$0000000D  mc_p.l(entry10a.o)
    0x20000450   0x00000000   Code   RO         2972    .ARM.Collect$$$$0000000F  mc_p.l(entry11a.o)
    0x20000450   0x00000004   Code   RO         2961    .ARM.Collect$$$$00002712  mc_p.l(entry2.o)
    0x20000454   0x00000050   Code   RO            2    .text               system_armcm0.o
    0x200004a4   0x0000006c   Code   RO          229    .text               boot_vectors.o
    0x20000510   0x00000018   Code   RO          234    .text               hardfault_handler.o
    0x20000528   0x00000038   Code   RO          255    .text               nmi_handler.o
    0x20000560   0x000001f4   Code   RO          285    .text               nvds.o
    0x20000754   0x000001d8   Code   RO          309    .text               arch_main.o
    0x2000092c   0x00000002   Code   RO          502    .text               jump_table.o
    0x2000092e   0x00000002   PAD
    0x20000930   0x000000a8   Code   RO          601    .text               arch_sleep.o
    0x200009d8   0x00000328   Code   RO          658    .text               arch_system.o
    0x20000d00   0x00000210   Code   RO          791    .text               arch_patch.o
    0x20000f10   0x00000120   Code   RO          852    .text               atts_task.obj
    0x20001030   0x000000c0   Code   RO          860    .text               atts_util.obj
    0x200010f0   0x000000c4   Code   RO          865    .text               ch_map.obj
    0x200011b4   0x00000180   Code   RO          867    .text               gapm_util.obj
    0x20001334   0x000000d0   Code   RO          869    .text               ke_task.obj
    0x20001404   0x0000015c   Code   RO          871    .text               smpc.obj
    0x20001560   0x00000214   Code   RO          873    .text               smpc_task.obj
    0x20001774   0x000004d4   Code   RO          875    .text               llc.obj
    0x20001c48   0x00000160   Code   RO          886    .text               gapc_task.obj
    0x20001da8   0x00000090   Code   RO          891    .text               llc_con_update_ind.obj
    0x20001e38   0x0000002c   Code   RO          894    .text               syscntl.o
    0x20001e64   0x00000118   Code   RO          914    .text               gpio.o
    0x20001f7c   0x00000078   Code   RO          965    .text               wkupct_quadec.o
    0x20001ff4   0x00000128   Code   RO         1109    .text               adc.o
    0x2000211c   0x000001bc   Code   RO         1125    .text               trng.o
    0x200022d8   0x000002d4   Code   RO         1141    .text               spi_flash.o
    0x200025ac   0x0000013c   Code   RO         1210    .text               spi.o
    0x200026e8   0x0000026c   Code   RO         1232    .text               i2c_eeprom.o
    0x20002954   0x000000dc   Code   RO         1258    .text               uart2.o
    0x20002a30   0x000002e4   Code   RO         1317    .text               rf_580.o
    0x20002d14   0x0000037c   Code   RO         1363    .text               rwble.o
    0x20003090   0x000001a0   Code   RO         1499    .text               rwip.o
    0x20003230   0x00000114   Code   RO         1563    .text               attm_db_128.o
    0x20003344   0x000000a4   Code   RO         1592    .text               diss.o
    0x200033e8   0x000000fc   Code   RO         1630    .text               diss_task.o
    0x200034e4   0x00000118   Code   RO         1652    .text               prf_utils.o
    0x200035fc   0x00000054   Code   RO         1687    .text               custs1.o
    0x20003650   0x0000037c   Code   RO         1710    .text               custs1_task.o
    0x200039cc   0x000000b0   Code   RO         1736    .text               custom_common.o
    0x20003a7c   0x0000045c   Code   RO         1748    .text               spotar_task.o
    0x20003ed8   0x00000054   Code   RO         1771    .text               spotar.o
    0x20003f2c   0x00000060   Code   RO         1821    .text               app_default_handlers.o
    0x20003f8c   0x00000488   Code   RO         1894    .text               app.o
    0x20004414   0x00000198   Code   RO         2054    .text               app_task.o
    0x200045ac   0x00000048   Code   RO         2181    .text               app_diss.o
    0x200045f4   0x00000178   Code   RO         2199    .text               app_diss_task.o
    0x2000476c   0x000006f4   Code   RO         2216    .text               app_spotar.o
    0x20004e60   0x0000018c   Code   RO         2246    .text               app_spotar_task.o
    0x20004fec   0x00000088   Code   RO         2267    .text               app_entry_point.o
    0x20005074   0x00000026   Code   RO         2298    .text               app_msg_utils.o
    0x2000509a   0x00000002   Code   RO         2516    .text               app_easy_timer.o
    0x2000509c   0x00000002   Code   RO         2517    .text               app_easy_timer.o
    0x2000509e   0x00000002   PAD
    0x200050a0   0x00000214   Code   RO         2518    .text               app_easy_timer.o
    0x200052b4   0x0000006c   Code   RO         2553    .text               app_customs.o
    0x20005320   0x00000048   Code   RO         2573    .text               app_customs_task.o
    0x20005368   0x00000664   Code   RO         2650    .text               user_periph_setup.o
    0x200059cc   0x0000028c   Code   RO         2724    .text               user_custs1_impl.o
    0x20005c58   0x000001e4   Code   RO         2786    .text               user_peripheral.o
    0x20005e3c   0x00000002   Code   RO         2807    .text               user_uart2.o
    0x20005e3e   0x00000002   PAD
    0x20005e40   0x000000a8   Code   RO         2820    .text               rgb_led.o
    0x20005ee8   0x0000012c   Code   RO         2838    .text               rtc.o
    0x20006014   0x000000b0   Code   RO         2865    .text               user_flash.o
    0x200060c4   0x00000040   Code   RO         2886    .text               leds_in_arch.o
    0x20006104   0x00000224   Code   RO         2905    .text               user_adc.o
    0x20006328   0x00000164   Code   RO         2954    .text               mf_p.l(dadd.o)
    0x2000648c   0x00000028   Code   RO         2956    .text               mf_p.l(ffixui.o)
    0x200064b4   0x00000038   Code   RO         2958    .text               mf_p.l(d2f.o)
    0x200064ec   0x00000026   Code   RO         2974    .text               mc_p.l(llsshr.o)
    0x20006512   0x00000082   Code   RO         2978    .text               mf_p.l(fepilogue.o)
    0x20006594   0x00000024   Code   RO         2980    .text               mc_p.l(init.o)
    0x200065b8   0x0000000c   Ven    RO         2990    Veneer$$Code        anon$$obj.o
    0x200065c4   0x0000000c   Ven    RO         2991    Veneer$$Code        anon$$obj.o
    0x200065d0   0x0000000c   Ven    RO         2992    Veneer$$Code        anon$$obj.o
    0x200065dc   0x0000000c   Ven    RO         2993    Veneer$$Code        anon$$obj.o
    0x200065e8   0x0000000c   Ven    RO         2994    Veneer$$Code        anon$$obj.o
    0x200065f4   0x0000000c   Ven    RO         2995    Veneer$$Code        anon$$obj.o
    0x20006600   0x0000000c   Ven    RO         2996    Veneer$$Code        anon$$obj.o
    0x2000660c   0x0000000c   Ven    RO         2997    Veneer$$Code        anon$$obj.o
    0x20006618   0x0000000c   Ven    RO         2998    Veneer$$Code        anon$$obj.o
    0x20006624   0x0000000c   Ven    RO         2999    Veneer$$Code        anon$$obj.o
    0x20006630   0x0000000c   Ven    RO         3000    Veneer$$Code        anon$$obj.o
    0x2000663c   0x0000000c   Ven    RO         3001    Veneer$$Code        anon$$obj.o
    0x20006648   0x0000000c   Ven    RO         3002    Veneer$$Code        anon$$obj.o
    0x20006654   0x0000000c   Ven    RO         3003    Veneer$$Code        anon$$obj.o
    0x20006660   0x0000000c   Ven    RO         3004    Veneer$$Code        anon$$obj.o
    0x2000666c   0x0000000c   Ven    RO         3005    Veneer$$Code        anon$$obj.o
    0x20006678   0x0000000c   Ven    RO         3006    Veneer$$Code        anon$$obj.o
    0x20006684   0x0000000c   Ven    RO         3007    Veneer$$Code        anon$$obj.o
    0x20006690   0x0000000c   Ven    RO         3008    Veneer$$Code        anon$$obj.o
    0x2000669c   0x0000000c   Ven    RO         3009    Veneer$$Code        anon$$obj.o
    0x200066a8   0x0000000c   Ven    RO         3010    Veneer$$Code        anon$$obj.o
    0x200066b4   0x0000000c   Ven    RO         3011    Veneer$$Code        anon$$obj.o
    0x200066c0   0x0000000c   Ven    RO         3012    Veneer$$Code        anon$$obj.o
    0x200066cc   0x0000000c   Ven    RO         3013    Veneer$$Code        anon$$obj.o
    0x200066d8   0x0000000c   Ven    RO         3014    Veneer$$Code        anon$$obj.o
    0x200066e4   0x0000000c   Ven    RO         3015    Veneer$$Code        anon$$obj.o
    0x200066f0   0x0000000c   Ven    RO         3016    Veneer$$Code        anon$$obj.o
    0x200066fc   0x0000000c   Ven    RO         3017    Veneer$$Code        anon$$obj.o
    0x20006708   0x0000000c   Ven    RO         3018    Veneer$$Code        anon$$obj.o
    0x20006714   0x0000000c   Ven    RO         3019    Veneer$$Code        anon$$obj.o
    0x20006720   0x0000000c   Ven    RO         3020    Veneer$$Code        anon$$obj.o
    0x2000672c   0x0000000c   Ven    RO         3021    Veneer$$Code        anon$$obj.o
    0x20006738   0x0000000c   Ven    RO         3022    Veneer$$Code        anon$$obj.o
    0x20006744   0x0000000c   Ven    RO         3023    Veneer$$Code        anon$$obj.o
    0x20006750   0x0000000c   Ven    RO         3024    Veneer$$Code        anon$$obj.o
    0x2000675c   0x0000000c   Ven    RO         3025    Veneer$$Code        anon$$obj.o
    0x20006768   0x0000000c   Ven    RO         3026    Veneer$$Code        anon$$obj.o
    0x20006774   0x0000000c   Ven    RO         3027    Veneer$$Code        anon$$obj.o
    0x20006780   0x0000000c   Ven    RO         3028    Veneer$$Code        anon$$obj.o
    0x2000678c   0x0000000c   Ven    RO         3029    Veneer$$Code        anon$$obj.o
    0x20006798   0x0000000c   Ven    RO         3030    Veneer$$Code        anon$$obj.o
    0x200067a4   0x0000000c   Ven    RO         3031    Veneer$$Code        anon$$obj.o
    0x200067b0   0x0000000c   Ven    RO         3032    Veneer$$Code        anon$$obj.o
    0x200067bc   0x0000000c   Ven    RO         3033    Veneer$$Code        anon$$obj.o
    0x200067c8   0x0000000c   Ven    RO         3034    Veneer$$Code        anon$$obj.o
    0x200067d4   0x0000000c   Ven    RO         3035    Veneer$$Code        anon$$obj.o
    0x200067e0   0x0000000c   Ven    RO         3036    Veneer$$Code        anon$$obj.o
    0x200067ec   0x0000000c   Ven    RO         3037    Veneer$$Code        anon$$obj.o
    0x200067f8   0x0000000c   Ven    RO         3038    Veneer$$Code        anon$$obj.o
    0x20006804   0x0000000c   Ven    RO         3039    Veneer$$Code        anon$$obj.o
    0x20006810   0x0000000c   Ven    RO         3040    Veneer$$Code        anon$$obj.o
    0x2000681c   0x0000000c   Ven    RO         3041    Veneer$$Code        anon$$obj.o
    0x20006828   0x0000000c   Ven    RO         3042    Veneer$$Code        anon$$obj.o
    0x20006834   0x0000000c   Ven    RO         3043    Veneer$$Code        anon$$obj.o
    0x20006840   0x0000000c   Ven    RO         3044    Veneer$$Code        anon$$obj.o
    0x2000684c   0x0000000c   Ven    RO         3045    Veneer$$Code        anon$$obj.o
    0x20006858   0x0000000c   Ven    RO         3046    Veneer$$Code        anon$$obj.o
    0x20006864   0x0000000c   Ven    RO         3047    Veneer$$Code        anon$$obj.o
    0x20006870   0x0000000c   Ven    RO         3048    Veneer$$Code        anon$$obj.o
    0x2000687c   0x0000000c   Ven    RO         3049    Veneer$$Code        anon$$obj.o
    0x20006888   0x0000000c   Ven    RO         3050    Veneer$$Code        anon$$obj.o
    0x20006894   0x0000000c   Ven    RO         3051    Veneer$$Code        anon$$obj.o
    0x200068a0   0x0000000c   Ven    RO         3052    Veneer$$Code        anon$$obj.o
    0x200068ac   0x0000000c   Ven    RO         3053    Veneer$$Code        anon$$obj.o
    0x200068b8   0x0000000c   Ven    RO         3054    Veneer$$Code        anon$$obj.o
    0x200068c4   0x0000000c   Ven    RO         3055    Veneer$$Code        anon$$obj.o
    0x200068d0   0x0000000c   Ven    RO         3056    Veneer$$Code        anon$$obj.o
    0x200068dc   0x0000000c   Ven    RO         3057    Veneer$$Code        anon$$obj.o
    0x200068e8   0x0000000c   Ven    RO         3058    Veneer$$Code        anon$$obj.o
    0x200068f4   0x0000000c   Ven    RO         3059    Veneer$$Code        anon$$obj.o
    0x20006900   0x0000000c   Ven    RO         3060    Veneer$$Code        anon$$obj.o
    0x2000690c   0x0000000c   Ven    RO         3061    Veneer$$Code        anon$$obj.o
    0x20006918   0x0000000c   Ven    RO         3062    Veneer$$Code        anon$$obj.o
    0x20006924   0x0000000c   Ven    RO         3063    Veneer$$Code        anon$$obj.o
    0x20006930   0x0000000c   Ven    RO         3064    Veneer$$Code        anon$$obj.o
    0x2000693c   0x0000000c   Ven    RO         3065    Veneer$$Code        anon$$obj.o
    0x20006948   0x0000000c   Ven    RO         3066    Veneer$$Code        anon$$obj.o
    0x20006954   0x0000000c   Ven    RO         3067    Veneer$$Code        anon$$obj.o
    0x20006960   0x0000000c   Ven    RO         3068    Veneer$$Code        anon$$obj.o
    0x2000696c   0x0000000c   Ven    RO         3069    Veneer$$Code        anon$$obj.o
    0x20006978   0x0000000c   Ven    RO         3070    Veneer$$Code        anon$$obj.o
    0x20006984   0x0000000c   Ven    RO         3071    Veneer$$Code        anon$$obj.o
    0x20006990   0x0000000c   Ven    RO         3072    Veneer$$Code        anon$$obj.o
    0x2000699c   0x0000000c   Ven    RO         3073    Veneer$$Code        anon$$obj.o
    0x200069a8   0x0000000c   Ven    RO         3074    Veneer$$Code        anon$$obj.o
    0x200069b4   0x0000000c   Ven    RO         3075    Veneer$$Code        anon$$obj.o
    0x200069c0   0x0000000c   Ven    RO         3076    Veneer$$Code        anon$$obj.o
    0x200069cc   0x0000000c   Ven    RO         3077    Veneer$$Code        anon$$obj.o
    0x200069d8   0x0000000c   Ven    RO         3078    Veneer$$Code        anon$$obj.o
    0x200069e4   0x0000000c   Ven    RO         3079    Veneer$$Code        anon$$obj.o
    0x200069f0   0x0000000c   Ven    RO         3080    Veneer$$Code        anon$$obj.o
    0x200069fc   0x0000000c   Ven    RO         3081    Veneer$$Code        anon$$obj.o
    0x20006a08   0x0000000c   Ven    RO         3082    Veneer$$Code        anon$$obj.o
    0x20006a14   0x0000000c   Ven    RO         3083    Veneer$$Code        anon$$obj.o
    0x20006a20   0x0000000c   Ven    RO         3084    Veneer$$Code        anon$$obj.o
    0x20006a2c   0x0000000c   Ven    RO         3085    Veneer$$Code        anon$$obj.o
    0x20006a38   0x0000000c   Ven    RO         3086    Veneer$$Code        anon$$obj.o
    0x20006a44   0x0000000c   Ven    RO         3087    Veneer$$Code        anon$$obj.o
    0x20006a50   0x0000000c   Ven    RO         3088    Veneer$$Code        anon$$obj.o
    0x20006a5c   0x0000000c   Ven    RO         3089    Veneer$$Code        anon$$obj.o
    0x20006a68   0x0000000c   Ven    RO         3090    Veneer$$Code        anon$$obj.o
    0x20006a74   0x0000000c   Ven    RO         3091    Veneer$$Code        anon$$obj.o
    0x20006a80   0x0000000c   Ven    RO         3092    Veneer$$Code        anon$$obj.o
    0x20006a8c   0x0000000c   Ven    RO         3093    Veneer$$Code        anon$$obj.o
    0x20006a98   0x0000000c   Ven    RO         3094    Veneer$$Code        anon$$obj.o
    0x20006aa4   0x0000000c   Ven    RO         3095    Veneer$$Code        anon$$obj.o
    0x20006ab0   0x0000000c   Ven    RO         3096    Veneer$$Code        anon$$obj.o
    0x20006abc   0x0000000c   Ven    RO         3097    Veneer$$Code        anon$$obj.o
    0x20006ac8   0x0000000c   Ven    RO         3098    Veneer$$Code        anon$$obj.o
    0x20006ad4   0x0000000c   Ven    RO         3099    Veneer$$Code        anon$$obj.o
    0x20006ae0   0x0000000c   Ven    RO         3100    Veneer$$Code        anon$$obj.o
    0x20006aec   0x0000000c   Ven    RO         3101    Veneer$$Code        anon$$obj.o
    0x20006af8   0x0000000c   Ven    RO         3102    Veneer$$Code        anon$$obj.o
    0x20006b04   0x0000000c   Ven    RO         3103    Veneer$$Code        anon$$obj.o
    0x20006b10   0x0000000c   Ven    RO         3104    Veneer$$Code        anon$$obj.o
    0x20006b1c   0x0000000c   Ven    RO         3105    Veneer$$Code        anon$$obj.o
    0x20006b28   0x0000000c   Ven    RO         3106    Veneer$$Code        anon$$obj.o
    0x20006b34   0x0000000c   Ven    RO         3107    Veneer$$Code        anon$$obj.o
    0x20006b40   0x0000000c   Ven    RO         3108    Veneer$$Code        anon$$obj.o
    0x20006b4c   0x0000000c   Ven    RO         3109    Veneer$$Code        anon$$obj.o
    0x20006b58   0x0000000c   Ven    RO         3110    Veneer$$Code        anon$$obj.o
    0x20006b64   0x0000000c   Ven    RO         3111    Veneer$$Code        anon$$obj.o
    0x20006b70   0x0000000c   Ven    RO         3112    Veneer$$Code        anon$$obj.o
    0x20006b7c   0x0000000c   Ven    RO         3113    Veneer$$Code        anon$$obj.o
    0x20006b88   0x0000000c   Ven    RO         3114    Veneer$$Code        anon$$obj.o
    0x20006b94   0x0000000c   Ven    RO         3115    Veneer$$Code        anon$$obj.o
    0x20006ba0   0x0000000c   Ven    RO         3116    Veneer$$Code        anon$$obj.o
    0x20006bac   0x0000000c   Ven    RO         3117    Veneer$$Code        anon$$obj.o
    0x20006bb8   0x0000000c   Ven    RO         3118    Veneer$$Code        anon$$obj.o
    0x20006bc4   0x0000000c   Ven    RO         3119    Veneer$$Code        anon$$obj.o
    0x20006bd0   0x0000000c   Ven    RO         3120    Veneer$$Code        anon$$obj.o
    0x20006bdc   0x0000000c   Ven    RO         3121    Veneer$$Code        anon$$obj.o
    0x20006be8   0x0000000c   Ven    RO         3122    Veneer$$Code        anon$$obj.o
    0x20006bf4   0x0000000c   Ven    RO         3123    Veneer$$Code        anon$$obj.o
    0x20006c00   0x0000000c   Ven    RO         3124    Veneer$$Code        anon$$obj.o
    0x20006c0c   0x0000000c   Ven    RO         3125    Veneer$$Code        anon$$obj.o
    0x20006c18   0x0000000c   Ven    RO         3126    Veneer$$Code        anon$$obj.o
    0x20006c24   0x0000000c   Ven    RO         3127    Veneer$$Code        anon$$obj.o
    0x20006c30   0x0000000c   Ven    RO         3128    Veneer$$Code        anon$$obj.o
    0x20006c3c   0x0000000c   Ven    RO         3129    Veneer$$Code        anon$$obj.o
    0x20006c48   0x0000000c   Ven    RO         3130    Veneer$$Code        anon$$obj.o
    0x20006c54   0x0000000e   Code   RO         2984    i.__scatterload_copy  mc_p.l(handlers.o)
    0x20006c62   0x00000002   Code   RO         2985    i.__scatterload_null  mc_p.l(handlers.o)
    0x20006c64   0x0000000e   Code   RO         2986    i.__scatterload_zeroinit  mc_p.l(handlers.o)
    0x20006c72   0x00000002   PAD
    0x20006c74   0x00000054   Code   RO         2926    i.free              mc_p.l(malloc.o)
    0x20006cc8   0x0000006c   Code   RO         2927    i.malloc            mc_p.l(malloc.o)
    0x20006d34   0x00000006   Data   RO          286    .constdata          nvds.o
    0x20006d3a   0x00000016   Data   RO          503    .constdata          jump_table.o
    0x20006d50   0x00000004   Data   RO          792    .constdata          arch_patch.o
    0x20006d54   0x00000010   Data   RO          793    .constdata          arch_patch.o
    0x20006d64   0x00000008   Data   RO          794    .constdata          arch_patch.o
    0x20006d6c   0x00000070   Data   RO          795    .constdata          arch_patch.o
    0x20006ddc   0x00000030   Data   RO          853    .constdata          atts_task.obj
    0x20006e0c   0x00000028   Data   RO          854    .constdata          atts_task.obj
    0x20006e34   0x00000008   Data   RO          855    .constdata          atts_task.obj
    0x20006e3c   0x00000010   Data   RO          856    .constdata          atts_task.obj
    0x20006e4c   0x00000048   Data   RO          876    .constdata          llc.obj
    0x20006e94   0x00000010   Data   RO          877    .constdata          llc.obj
    0x20006ea4   0x000000b0   Data   RO          878    .constdata          llc.obj
    0x20006f54   0x00000008   Data   RO          879    .constdata          llc.obj
    0x20006f5c   0x00000010   Data   RO          880    .constdata          llc.obj
    0x20006f6c   0x00000018   Data   RO          887    .constdata          gapc_task.obj
    0x20006f84   0x00000008   Data   RO          888    .constdata          gapc_task.obj
    0x20006f8c   0x00000010   Data   RO          889    .constdata          gapc_task.obj
    0x20006f9c   0x00000050   Data   RO         1152    .constdata          spi_flash.o
    0x20006fec   0x000000e4   Data   RO         1593    .constdata          diss.o
    0x200070d0   0x00000002   Data   RO         1594    .constdata          diss.o
    0x200070d2   0x00000005   Data   RO         1595    .constdata          diss.o
    0x200070d7   0x00000005   Data   RO         1596    .constdata          diss.o
    0x200070dc   0x00000005   Data   RO         1597    .constdata          diss.o
    0x200070e1   0x00000005   Data   RO         1598    .constdata          diss.o
    0x200070e6   0x00000005   Data   RO         1599    .constdata          diss.o
    0x200070eb   0x00000005   Data   RO         1600    .constdata          diss.o
    0x200070f0   0x00000005   Data   RO         1601    .constdata          diss.o
    0x200070f5   0x00000005   Data   RO         1602    .constdata          diss.o
    0x200070fa   0x00000005   Data   RO         1603    .constdata          diss.o
    0x200070ff   0x00000001   PAD
    0x20007100   0x00000010   Data   RO         1604    .constdata          diss.o
    0x20007110   0x00000008   Data   RO         1631    .constdata          diss_task.o
    0x20007118   0x00000010   Data   RO         1632    .constdata          diss_task.o
    0x20007128   0x00000008   Data   RO         1633    .constdata          diss_task.o
    0x20007130   0x00000018   Data   RO         1634    .constdata          diss_task.o
    0x20007148   0x00000008   Data   RO         1635    .constdata          diss_task.o
    0x20007150   0x00000010   Data   RO         1688    .constdata          custs1.o
    0x20007160   0x00000008   Data   RO         1711    .constdata          custs1_task.o
    0x20007168   0x00000008   Data   RO         1712    .constdata          custs1_task.o
    0x20007170   0x00000028   Data   RO         1713    .constdata          custs1_task.o
    0x20007198   0x00000008   Data   RO         1714    .constdata          custs1_task.o
    0x200071a0   0x00000018   Data   RO         1715    .constdata          custs1_task.o
    0x200071b8   0x00000008   Data   RO         1716    .constdata          custs1_task.o
    0x200071c0   0x00000008   Data   RO         1749    .constdata          spotar_task.o
    0x200071c8   0x00000008   Data   RO         1750    .constdata          spotar_task.o
    0x200071d0   0x00000018   Data   RO         1751    .constdata          spotar_task.o
    0x200071e8   0x00000008   Data   RO         1752    .constdata          spotar_task.o
    0x200071f0   0x00000018   Data   RO         1753    .constdata          spotar_task.o
    0x20007208   0x00000008   Data   RO         1754    .constdata          spotar_task.o
    0x20007210   0x00000002   Data   RO         1779    .constdata          spotar.o
    0x20007212   0x00000010   Data   RO         1780    .constdata          spotar.o
    0x20007222   0x00000010   Data   RO         1781    .constdata          spotar.o
    0x20007232   0x00000010   Data   RO         1782    .constdata          spotar.o
    0x20007242   0x00000010   Data   RO         1783    .constdata          spotar.o
    0x20007252   0x00000010   Data   RO         1784    .constdata          spotar.o
    0x20007262   0x00000010   Data   RO         1785    .constdata          spotar.o
    0x20007272   0x00000002   PAD
    0x20007274   0x00000010   Data   RO         1786    .constdata          spotar.o
    0x20007284   0x00000064   Data   RO         1915    .constdata          app.o
    0x200072e8   0x0000003c   Data   RO         2058    .constdata          app_task.o
    0x20007324   0x00000008   Data   RO         2059    .constdata          app_task.o
    0x2000732c   0x00000008   Data   RO         2060    .constdata          app_task.o
    0x20007334   0x00000010   Data   RO         2200    .constdata          app_diss_task.o
    0x20007344   0x00000028   Data   RO         2247    .constdata          app_spotar_task.o
    0x2000736c   0x00000018   Data   RO         2268    .constdata          app_entry_point.o
    0x20007384   0x00000010   Data   RO         2574    .constdata          app_customs_task.o
    0x20007394   0x00000038   Data   RO         2602    .constdata          user_custs_config.o
    0x200073cc   0x0000005e   Data   RO         2618    .conststring        user_custs1_def.o
    0x2000742a   0x00000002   PAD
    0x2000742c   0x00000030   Data   RO         2982    Region$$Table       anon$$obj.o
    0x2000745c   0x00000004   Data   RW          667    .data               arch_system.o
    0x20007460   0x00000013   Data   RW         1787    .data               spotar.o
    0x20007473   0x00000013   Data   RW         1788    .data               spotar.o
    0x20007486   0x00000013   Data   RW         1789    .data               spotar.o
    0x20007499   0x00000013   Data   RW         1790    .data               spotar.o
    0x200074ac   0x00000013   Data   RW         1791    .data               spotar.o
    0x200074bf   0x00000013   Data   RW         1792    .data               spotar.o
    0x200074d2   0x00000010   Data   RW         2619    .data               user_custs1_def.o
    0x200074e2   0x00000010   Data   RW         2620    .data               user_custs1_def.o
    0x200074f2   0x00000010   Data   RW         2621    .data               user_custs1_def.o
    0x20007502   0x00000010   Data   RW         2622    .data               user_custs1_def.o
    0x20007512   0x00000010   Data   RW         2623    .data               user_custs1_def.o
    0x20007522   0x00000010   Data   RW         2624    .data               user_custs1_def.o
    0x20007532   0x00000010   Data   RW         2625    .data               user_custs1_def.o
    0x20007542   0x00000010   Data   RW         2626    .data               user_custs1_def.o
    0x20007552   0x00000013   Data   RW         2627    .data               user_custs1_def.o
    0x20007565   0x00000013   Data   RW         2628    .data               user_custs1_def.o
    0x20007578   0x00000013   Data   RW         2629    .data               user_custs1_def.o
    0x2000758b   0x00000013   Data   RW         2630    .data               user_custs1_def.o
    0x2000759e   0x00000013   Data   RW         2631    .data               user_custs1_def.o
    0x200075b1   0x00000013   Data   RW         2632    .data               user_custs1_def.o
    0x200075c4   0x00000013   Data   RW         2633    .data               user_custs1_def.o
    0x200075d7   0x00000001   PAD
    0x200075d8   0x00000002   Data   RW         2634    .data               user_custs1_def.o
    0x200075da   0x00000002   Data   RW         2635    .data               user_custs1_def.o
    0x200075dc   0x00000002   Data   RW         2636    .data               user_custs1_def.o
    0x200075de   0x00000002   Data   RW         2637    .data               user_custs1_def.o
    0x200075e0   0x000001a0   Data   RW         2638    .data               user_custs1_def.o
    0x20007780   0x00000001   Data   RW         2664    .data               user_periph_setup.o
    0x20007781   0x00000001   PAD
    0x20007782   0x00000004   Data   RW         2731    .data               user_custs1_impl.o
    0x20007786   0x00000001   Data   RW         2841    .data               rtc.o
    0x20007787   0x00000001   Data   RW         2907    .data               user_adc.o
    0x20007788   0x00000004   Data   RW         2976    .data               mc_p.l(mvars.o)
    0x2000778c   0x00000004   Data   RW         2977    .data               mc_p.l(mvars.o)


    Execution Region RW_IRAM50 (Base: 0x20008000, Size: 0x000002fc, Max: 0x00000bf4, ABSOLUTE)

    Base Addr    Size         Type   Attr      Idx    E Section Name        Object

    0x20008000   0x00000014   Zero   RW          920    .bss                gpio.o
    0x20008014   0x00000010   Zero   RW         1151    .bss                spi_flash.o
    0x20008024   0x00000002   Zero   RW         1212    .bss                spi.o
    0x20008026   0x00000002   Zero   RW         1235    .bss                i2c_eeprom.o
    0x20008028   0x00000006   Zero   RW         2055    .bss                app_task.o
    0x2000802e   0x00000002   PAD
    0x20008030   0x00000020   Zero   RW         2660    .bss                user_periph_setup.o
    0x20008050   0x0000001c   Zero   RW         2730    .bss                user_custs1_impl.o
    0x2000806c   0x00000002   Zero   RW         2787    .bss                user_peripheral.o
    0x2000806e   0x00000001   Zero   RW         2821    .bss                rgb_led.o
    0x2000806f   0x00000001   PAD
    0x20008070   0x00000017   Zero   RW         2866    .bss                user_flash.o
    0x20008087   0x00000002   Zero   RW         2888    .bss                leds_in_arch.o
    0x20008089   0x00000001   PAD
    0x2000808a   0x00000004   Zero   RW         2906    .bss                user_adc.o
    0x2000808e   0x00000002   PAD
    0x20008090   0x00000100   Zero   RW          227    HEAP                boot_vectors.o
    0x20008190   0x00000006   Zero   RW          288    retention_mem_area0  nvds.o
    0x20008196   0x00000001   Zero   RW          312    retention_mem_area0  arch_main.o
    0x20008197   0x00000004   Zero   RW          608    retention_mem_area0  arch_sleep.o
    0x2000819b   0x00000001   PAD
    0x2000819c   0x00000018   Zero   RW          668    retention_mem_area0  arch_system.o
    0x200081b4   0x00000004   PAD
    0x200081b8   0x00000008   Zero   RW          861    retention_mem_area0  atts_util.obj
    0x200081c0   0x00000018   Zero   RW          881    retention_mem_area0  llc.obj
    0x200081d8   0x0000000c   Zero   RW          974    retention_mem_area0  wkupct_quadec.o
    0x200081e4   0x0000001c   Zero   RW         1265    retention_mem_area0  uart2.o
    0x20008200   0x00000001   Zero   RW         1321    retention_mem_area0  rf_580.o
    0x20008201   0x00000001   PAD
    0x20008202   0x00000008   Zero   RW         1366    retention_mem_area0  rwble.o
    0x2000820a   0x00000012   Zero   RW         1605    retention_mem_area0  diss.o
    0x2000821c   0x00000001   Zero   RW         1636    retention_mem_area0  diss_task.o
    0x2000821d   0x00000001   PAD
    0x2000821e   0x0000000e   Zero   RW         1689    retention_mem_area0  custs1.o
    0x2000822c   0x00000001   Zero   RW         1717    retention_mem_area0  custs1_task.o
    0x2000822d   0x00000001   Zero   RW         1755    retention_mem_area0  spotar_task.o
    0x2000822e   0x00000008   Zero   RW         1793    retention_mem_area0  spotar.o
    0x20008236   0x00000002   PAD
    0x20008238   0x00000038   Zero   RW         1918    retention_mem_area0  app.o
    0x20008270   0x00000001   Zero   RW         2061    retention_mem_area0  app_task.o
    0x20008271   0x00000003   PAD
    0x20008274   0x00000030   Zero   RW         2219    retention_mem_area0  app_spotar.o
    0x200082a4   0x00000050   Zero   RW         2521    retention_mem_area0  app_easy_timer.o
    0x200082f4   0x00000006   Zero   RW         2790    retention_mem_area0  user_peripheral.o


    Execution Region RW_IRAM51 (Base: 0x20008bf4, Size: 0x0000040c, Max: 0x0000040c, ABSOLUTE, UNINIT)

    Base Addr    Size         Type   Attr      Idx    E Section Name        Object

    0x20008bf4   0x0000040c   Zero   RW          506    heap_mem_area_not_ret  jump_table.o


    Execution Region RW_IRAM52 (Base: 0x20009000, Size: 0x00000020, Max: 0x00000020, ABSOLUTE)

    Base Addr    Size         Type   Attr      Idx    E Section Name        Object

    0x20009000   0x00000020   Zero   RW            1    RW_IRAM52.bss       anon$$obj.o


    Execution Region RW_IRAM53 (Base: 0x20009020, Size: 0x000001d0, Max: 0x000001e0, ABSOLUTE)

    Base Addr    Size         Type   Attr      Idx    E Section Name        Object

    0x20009020   0x0000005a   Zero   RW         2655    .bss                user_periph_setup.o
    0x2000907a   0x00000002   PAD
    0x2000907c   0x00000022   Zero   RW         2840    .bss                rtc.o
    0x2000909e   0x00000002   PAD
    0x200090a0   0x00000150   Zero   RW         2220    spotar_patch_area   app_spotar.o


    Execution Region RW_IRAM54 (Base: 0x20009200, Size: 0x00000600, Max: 0x00000600, ABSOLUTE, UNINIT)

    Base Addr    Size         Type   Attr      Idx    E Section Name        Object

    0x20009200   0x00000600   Zero   RW          226    STACK               boot_vectors.o



  Load Region LR_RETENTION_RAM2 (Base: 0x00080768, Size: 0x00000000, Max: 0x00002898, ABSOLUTE)

    Execution Region ZI_RET20 (Base: 0x00080768, Size: 0x00000a8c, Max: 0x000022b8, ABSOLUTE, UNINIT)

    Base Addr    Size         Type   Attr      Idx    E Section Name        Object

    0x00080768   0x0000040c   Zero   RW          504    heap_db_area        jump_table.o
    0x00080b74   0x00000154   Zero   RW          505    heap_env_area       jump_table.o
    0x00080cc8   0x0000052c   Zero   RW          507    heap_msg_area       jump_table.o


    Execution Region ZI_RET21 (Base: 0x00082a20, Size: 0x000005e0, Max: 0x000005e0, ABSOLUTE)

    Base Addr    Size         Type   Attr      Idx    E Section Name        Object

    0x00082a20   0x000005de   Zero   RW          311    BLE_exchange_memory  arch_main.o


==============================================================================

Image component sizes


      Code (inc. data)   RO Data    RW Data    ZI Data      Debug   Object Name

       296         18          0          0          0       2225   adc.o
      1160         34        100          0         56      19052   app.o
       108          8          0          0          0       1765   app_customs.o
        72          6         16          0          0       2209   app_customs_task.o
        96         12          0          0          0       2778   app_default_handlers.o
        72          4          0          0          0       1586   app_diss.o
       376         58         16          0          0       2571   app_diss_task.o
       536         32          0          0         80       5833   app_easy_timer.o
       136         10         24          0          0       5586   app_entry_point.o
        38          0          0          0          0       1403   app_msg_utils.o
      1780         38          0          0        384      11498   app_spotar.o
       396         16         40          0          0       3221   app_spotar_task.o
       408         18         76          0          7      10917   app_task.o
       472         42          0          0       1503      21128   arch_main.o
       528         54        140          0          0      22418   arch_patch.o
       168         16          0          0          4       3989   arch_sleep.o
       808         64          0          4         24     104621   arch_system.o
       276          4          0          0          0       1737   attm_db_128.o
       288         32        112          0          0        144   atts_task.obj
       192          8          0          0          8        108   atts_util.obj
       108         22        160          0       1792        788   boot_vectors.o
       196         12          0          0          0        108   ch_map.obj
       176          4          0          0          0       2300   custom_common.o
        84         14         16          0         14       4517   custs1.o
       892         16         96          0          1       6997   custs1_task.o
       164         14        291          0         18       6041   diss.o
       252         12         64          0          1       4008   diss_task.o
       352         24         48          0          0        212   gapc_task.obj
         0          0        100          0          0       1280   gapm.o
       384         38          0          0          0        112   gapm_util.obj
       280         18          0          0         20       9710   gpio.o
        24         10          0          0          0       1301   hardfault_handler.o
       620         14          0          0          2       4566   i2c_eeprom.o
         2          0        374          0       3736      15939   jump_table.o
       208         16          0          0          0         96   ke_task.obj
        64          6          0          0          2        964   leds_in_arch.o
      1236         42        288          0         24        520   llc.obj
       144         10          0          0          0         76   llc_con_update_ind.obj
        56          6          0          0          0       6463   nmi_handler.o
       500         32        170          0          6       9425   nvds.o
       280         12          0          0          0       2797   prf_utils.o
       740        178          0          0          1      65429   rf_580.o
       168          6          0          0          1        754   rgb_led.o
       300          8          0          1         34       3168   rtc.o
       892         60          0          0          8     116644   rwble.o
       416         34          0          0          0      65016   rwip.o
       348         24          0          0          0        160   smpc.obj
       532          4          0          0          0         84   smpc_task.obj
       316          8          0          0          2       2615   spi.o
       724         14         80          0         16       5661   spi_flash.o
        84         14        114        114          8       7385   spotar.o
      1116         74         80          0          1       6026   spotar_task.o
        44          0          0          0          0        721   syscntl.o
        80         18          0          0          0     205759   system_armcm0.o
       444         32          0          0          0       3367   trng.o
       220          8          0          0         28      16816   uart2.o
       548         42          0          1          4       1727   user_adc.o
         0          0         94        685          0       1608   user_custs1_def.o
       652         48          0          4         28       3922   user_custs1_impl.o
         0          0         56          0          0        849   user_custs_config.o
       176         12          0          0         23       1986   user_flash.o
      1636         72          0          1        122      12208   user_periph_setup.o
       484         46          0          0          8       5437   user_peripheral.o
         2          0          0          0          0        493   user_uart2.o
       120         14          0          0         12       6732   wkupct_quadec.o

    ----------------------------------------------------------------------
     25968       2076       2608        812       8036     837576   Object Totals
      1692        564         48          0         32          0   (incl. Generated)
         6          0          5          2         26          0   (incl. Padding)

    ----------------------------------------------------------------------

      Code (inc. data)   RO Data    RW Data    ZI Data      Debug   Library Member Name

         0          0          0          0          0          0   entry.o
         0          0          0          0          0          0   entry10a.o
         0          0          0          0          0          0   entry11a.o
         8          4          0          0          0          0   entry2.o
         4          0          0          0          0          0   entry5.o
         0          0          0          0          0          0   entry7b.o
         0          0          0          0          0          0   entry8b.o
         8          4          0          0          0          0   entry9a.o
        30          0          0          0          0          0   handlers.o
        36          8          0          0          0         68   init.o
        38          0          0          0          0         68   llsshr.o
       192         20          0          0          0        144   malloc.o
         0          0          0          8          0          0   mvars.o
        56          0          0          0          0         68   d2f.o
       356          4          0          0          0        140   dadd.o
       130          0          0          0          0        144   fepilogue.o
        40          0          0          0          0         60   ffixui.o

    ----------------------------------------------------------------------
       900         40          0          8          0        692   Library Totals
         2          0          0          0          0          0   (incl. Padding)

    ----------------------------------------------------------------------

      Code (inc. data)   RO Data    RW Data    ZI Data      Debug   Library Name

       316         36          0          8          0        280   mc_p.l
       582          4          0          0          0        412   mf_p.l

    ----------------------------------------------------------------------
       900         40          0          8          0        692   Library Totals

    ----------------------------------------------------------------------

==============================================================================


      Code (inc. data)   RO Data    RW Data    ZI Data      Debug   

     26868       2116       2608        820       8036     834020   Grand Totals
     26868       2116       2608        820       8036     834020   ELF Image Totals
     26868       2116       2608        820          0          0   ROM Totals

==============================================================================

    Total RO  Size (Code + RO Data)                29476 (  28.79kB)
    Total RW  Size (RW Data + ZI Data)              8856 (   8.65kB)
    Total ROM Size (Code + RO Data + RW Data)      30296 (  29.59kB)

==============================================================================

